 modbus

 Timestamp is 59a66305 (Wed Aug 30 15:02:29 2017)

 Preferred load address is 10000000

 Start         Length     Name                   Class
 0001:00000000 0007afe0H .text$mn                CODE
 0001:0007afe0 000000abH .text$x                 CODE
 0002:00000000 000001e0H .idata$5                DATA
 0002:000001e0 00000004H .00cfg                  DATA
 0002:000001e4 00000004H .CRT$XCA                DATA
 0002:000001e8 00000004H .CRT$XCZ                DATA
 0002:000001ec 00000004H .CRT$XIA                DATA
 0002:000001f0 0000000cH .CRT$XIC                DATA
 0002:000001fc 00000004H .CRT$XIZ                DATA
 0002:00000200 00000004H .CRT$XPA                DATA
 0002:00000204 00000008H .CRT$XPX                DATA
 0002:0000020c 00000004H .CRT$XPXA               DATA
 0002:00000210 00000004H .CRT$XPZ                DATA
 0002:00000214 00000004H .CRT$XTA                DATA
 0002:00000218 00000008H .CRT$XTZ                DATA
 0002:00000220 0001ca04H .rdata                  DATA
 0002:0001cc24 000002acH .rdata$r                DATA
 0002:0001ced0 00000024H .rdata$sxdata           DATA
 0002:0001cef4 00000364H .rdata$zzzdbg           DATA
 0002:0001d258 00000004H .rtc$IAA                DATA
 0002:0001d25c 00000010H .rtc$IMZ                DATA
 0002:0001d26c 00000004H .rtc$IZZ                DATA
 0002:0001d270 00000004H .rtc$TAA                DATA
 0002:0001d274 00000010H .rtc$TMZ                DATA
 0002:0001d284 00000004H .rtc$TZZ                DATA
 0002:0001d288 00000ba8H .xdata$x                DATA
 0002:0001de30 0000082cH .edata                  DATA
 0002:0001e65c 00000028H .idata$2                DATA
 0002:0001e684 00000014H .idata$3                DATA
 0002:0001e698 000001e0H .idata$4                DATA
 0002:0001e878 00000730H .idata$6                DATA
 0003:00000000 000016b0H .data                   DATA
 0003:000016b0 00000110H .data$r                 DATA
 0003:000017c0 00001760H .bss                    DATA
 0004:00000000 000000d4H .gfids$x                DATA
 0004:000000d4 0000009cH .gfids$y                DATA
 0005:00000000 000000a0H .rsrc$01                DATA
 0005:000000a0 000003f0H .rsrc$02                DATA

  Address         Publics by Value              Rva+Base       Lib:Object

 0000:00000000       ___guard_longjmp_count     00000000     <absolute>
 0000:00000000       ___guard_iat_count         00000000     <absolute>
 0000:00000000       __except_list              00000000     <absolute>
 0000:00000000       ___guard_fids_table        00000000     <absolute>
 0000:00000000       ___guard_longjmp_table     00000000     <absolute>
 0000:00000000       ___dynamic_value_reloc_table 00000000     <absolute>
 0000:00000000       ___guard_iat_table         00000000     <absolute>
 0000:00000000       ___guard_fids_count        00000000     <absolute>
 0000:00000009       ___safe_se_handler_count   00000009     <absolute>
 0000:00000100       ___guard_flags             00000100     <absolute>
 0000:00000000       ___ImageBase               10000000     <linker-defined>
 0001:00000000       _modbus_set_bits_from_byte 10001000 f   modbus-data.obj
 0001:00000060       _modbus_set_bits_from_bytes 10001060 f   modbus-data.obj
 0001:000000f0       _modbus_get_byte_from_bits 100010f0 f   modbus-data.obj
 0001:00000160       _modbus_get_float          10001160 f   modbus-data.obj
 0001:000001a0       _modbus_get_float_abcd     100011a0 f   modbus-data.obj
 0001:000001e0       _modbus_get_float_dcba     100011e0 f   modbus-data.obj
 0001:00000230       _modbus_get_float_badc     10001230 f   modbus-data.obj
 0001:00000280       _modbus_get_float_cdab     10001280 f   modbus-data.obj
 0001:000002c0       _modbus_set_float          100012c0 f   modbus-data.obj
 0001:00000300       _modbus_set_float_abcd     10001300 f   modbus-data.obj
 0001:00000350       _modbus_set_float_dcba     10001350 f   modbus-data.obj
 0001:000003a0       _modbus_set_float_badc     100013a0 f   modbus-data.obj
 0001:000003f0       _modbus_set_float_cdab     100013f0 f   modbus-data.obj
 0001:00000440       _modbus_new_rtu            10001440 f   modbus-rtu.obj
 0001:00000640       _modbus_rtu_set_serial_mode 10001640 f   modbus-rtu.obj
 0001:000006b0       _modbus_rtu_get_serial_mode 100016b0 f   modbus-rtu.obj
 0001:00000720       _modbus_rtu_set_rts        10001720 f   modbus-rtu.obj
 0001:00000790       _modbus_rtu_get_rts        10001790 f   modbus-rtu.obj
 0001:00000800       _modbus_rtu_set_custom_rts 10001800 f   modbus-rtu.obj
 0001:00000870       _modbus_rtu_set_rts_delay  10001870 f   modbus-rtu.obj
 0001:000008e0       _modbus_rtu_get_rts_delay  100018e0 f   modbus-rtu.obj
 0001:00001610       ___local_stdio_printf_options 10002610 f i modbus-rtu.obj
 0001:00001620       __vfprintf_l               10002620 f i modbus-rtu.obj
 0001:00001650       _fprintf                   10002650 f i modbus-rtu.obj
 0001:00001690       _printf                    10002690 f i modbus-rtu.obj
 0001:000016d0       _modbus_new_tcp            100026d0 f   modbus-tcp.obj
 0001:00001820       _modbus_tcp_listen         10002820 f   modbus-tcp.obj
 0001:00001970       _modbus_tcp_accept         10002970 f   modbus-tcp.obj
 0001:00001a00       _modbus_new_tcp_pi         10002a00 f   modbus-tcp.obj
 0001:00001c50       _modbus_tcp_pi_listen      10002c50 f   modbus-tcp.obj
 0001:00001ef0       _modbus_tcp_pi_accept      10002ef0 f   modbus-tcp.obj
 0001:00002ba0       _gai_strerrorA             10003ba0 f i modbus-tcp.obj
 0001:00002c00       _modbus_set_slave          10003c00 f   modbus.obj
 0001:00002c40       _modbus_get_slave          10003c40 f   modbus.obj
 0001:00002c60       _modbus_set_error_recovery 10003c60 f   modbus.obj
 0001:00002c90       _modbus_set_socket         10003c90 f   modbus.obj
 0001:00002cc0       _modbus_get_socket         10003cc0 f   modbus.obj
 0001:00002cf0       _modbus_get_response_timeout 10003cf0 f   modbus.obj
 0001:00002d30       _modbus_set_response_timeout 10003d30 f   modbus.obj
 0001:00002d80       _modbus_get_byte_timeout   10003d80 f   modbus.obj
 0001:00002dc0       _modbus_set_byte_timeout   10003dc0 f   modbus.obj
 0001:00002e00       _modbus_get_indication_timeout 10003e00 f   modbus.obj
 0001:00002e40       _modbus_set_indication_timeout 10003e40 f   modbus.obj
 0001:00002e80       _modbus_get_header_length  10003e80 f   modbus.obj
 0001:00002eb0       _modbus_connect            10003eb0 f   modbus.obj
 0001:00002ee0       _modbus_close              10003ee0 f   modbus.obj
 0001:00002f00       _modbus_free               10003f00 f   modbus.obj
 0001:00002f20       _modbus_flush              10003f20 f   modbus.obj
 0001:00002f80       _modbus_set_debug          10003f80 f   modbus.obj
 0001:00002fb0       _modbus_strerror           10003fb0 f   modbus.obj
 0001:000030a0       _modbus_read_bits          100040a0 f   modbus.obj
 0001:00003130       _modbus_read_input_bits    10004130 f   modbus.obj
 0001:000031c0       _modbus_read_registers     100041c0 f   modbus.obj
 0001:00003240       _modbus_read_input_registers 10004240 f   modbus.obj
 0001:000032c0       _modbus_write_bit          100042c0 f   modbus.obj
 0001:00003310       _modbus_write_register     10004310 f   modbus.obj
 0001:00003350       _modbus_write_bits         10004350 f   modbus.obj
 0001:00003660       _modbus_write_registers    10004660 f   modbus.obj
 0001:00003840       _modbus_mask_write_register 10004840 f   modbus.obj
 0001:000039a0       _modbus_write_and_read_registers 100049a0 f   modbus.obj
 0001:00003ce0       _modbus_report_slave_id    10004ce0 f   modbus.obj
 0001:00003e50       _modbus_mapping_new_start_address 10004e50 f   modbus.obj
 0001:00004070       _modbus_mapping_new        10005070 f   modbus.obj
 0001:000040a0       _modbus_mapping_free       100050a0 f   modbus.obj
 0001:00004100       _modbus_send_raw_request   10005100 f   modbus.obj
 0001:00004210       _modbus_receive            10005210 f   modbus.obj
 0001:00004250       _modbus_receive_confirmation 10005250 f   modbus.obj
 0001:00004280       _modbus_reply              10005280 f   modbus.obj
 0001:00005480       _modbus_reply_exception    10006480 f   modbus.obj
 0001:000055b0       _send_msg                  100065b0 f   modbus.obj
 0001:00005710       __modbus_init_common       10006710 f   modbus.obj
 0001:00005780       __error_print              10006780 f   modbus.obj
 0001:00005800       __modbus_receive_msg       10006800 f   modbus.obj
 0001:00005d40       _strlcpy                   10006d40 f   modbus.obj
 0001:00006b50       _vfprintf                  10007b50 f i modbus.obj
 0001:00006b6c       _htonl@4                   10007b6c f   ws2_32:WS2_32.dll
 0001:00006b72       _ntohl@4                   10007b72 f   ws2_32:WS2_32.dll
 0001:00006b78       _accept@12                 10007b78 f   ws2_32:WS2_32.dll
 0001:00006b7e       _bind@12                   10007b7e f   ws2_32:WS2_32.dll
 0001:00006b84       _closesocket@4             10007b84 f   ws2_32:WS2_32.dll
 0001:00006b8a       _connect@12                10007b8a f   ws2_32:WS2_32.dll
 0001:00006b90       _ioctlsocket@12            10007b90 f   ws2_32:WS2_32.dll
 0001:00006b96       _getsockopt@20             10007b96 f   ws2_32:WS2_32.dll
 0001:00006b9c       _htons@4                   10007b9c f   ws2_32:WS2_32.dll
 0001:00006ba2       _inet_addr@4               10007ba2 f   ws2_32:WS2_32.dll
 0001:00006ba8       _inet_ntoa@4               10007ba8 f   ws2_32:WS2_32.dll
 0001:00006bae       _listen@8                  10007bae f   ws2_32:WS2_32.dll
 0001:00006bb4       _recv@16                   10007bb4 f   ws2_32:WS2_32.dll
 0001:00006bba       _select@20                 10007bba f   ws2_32:WS2_32.dll
 0001:00006bc0       _send@16                   10007bc0 f   ws2_32:WS2_32.dll
 0001:00006bc6       _setsockopt@20             10007bc6 f   ws2_32:WS2_32.dll
 0001:00006bcc       _shutdown@8                10007bcc f   ws2_32:WS2_32.dll
 0001:00006bd2       _socket@12                 10007bd2 f   ws2_32:WS2_32.dll
 0001:00006bd8       _WSAStartup@8              10007bd8 f   ws2_32:WS2_32.dll
 0001:00006bde       _WSAGetLastError@0         10007bde f   ws2_32:WS2_32.dll
 0001:00006be4       _getaddrinfo@16            10007be4 f   ws2_32:WS2_32.dll
 0001:00006bea       _freeaddrinfo@4            10007bea f   ws2_32:WS2_32.dll
 0001:00006bf0       _CreateFileA@28            10007bf0 f   kernel32:KERNEL32.dll
 0001:00006bf6       _ReadFile@20               10007bf6 f   kernel32:KERNEL32.dll
 0001:00006bfc       _WriteFile@20              10007bfc f   kernel32:KERNEL32.dll
 0001:00006c02       _CloseHandle@4             10007c02 f   kernel32:KERNEL32.dll
 0001:00006c08       _GetLastError@0            10007c08 f   kernel32:KERNEL32.dll
 0001:00006c0e       _GetCommState@8            10007c0e f   kernel32:KERNEL32.dll
 0001:00006c14       _PurgeComm@8               10007c14 f   kernel32:KERNEL32.dll
 0001:00006c1a       _SetCommState@8            10007c1a f   kernel32:KERNEL32.dll
 0001:00006c20       _SetCommTimeouts@8         10007c20 f   kernel32:KERNEL32.dll
 0001:00006c26       _FormatMessageA@28         10007c26 f   kernel32:KERNEL32.dll
 0001:00006c2c       _Sleep@4                   10007c2c f   kernel32:KERNEL32.dll
 0001:00006c40       __CRT_RTC_INIT             10007c40 f   LIBCMTD:_init_.obj
 0001:00006c50       __CRT_RTC_INITW            10007c50 f   LIBCMTD:_init_.obj
 0001:00006c60       __RTC_InitBase             10007c60 f   LIBCMTD:_init_.obj
 0001:00006c90       __RTC_Shutdown             10007c90 f   LIBCMTD:_init_.obj
 0001:00006cb0       @__security_check_cookie@4 10007cb0 f   LIBCMTD:_secchk_.obj
 0001:00006cd0       ??$__vcrt_va_start_verify_argument_type@QBD@@YAXXZ 10007cd0 f i LIBCMTD:_error_.obj
 0001:00006e30       ?_RTC_AllocaFailure@@YAXPAXPAU_RTC_ALLOCA_NODE@@H@Z 10007e30 f   LIBCMTD:_error_.obj
 0001:00006f50       ?_RTC_Failure@@YAXPAXH@Z   10007f50 f   LIBCMTD:_error_.obj
 0001:00006fa0       ?_RTC_StackFailure@@YAXPAXPBD@Z 10007fa0 f   LIBCMTD:_error_.obj
 0001:00007340       __RTC_UninitUse            10008340 f   LIBCMTD:_error_.obj
 0001:00007430       __vsprintf_s_l             10008430 f i LIBCMTD:_error_.obj
 0001:00007460       _sprintf_s                 10008460 f i LIBCMTD:_error_.obj
 0001:00007490       ___raise_securityfailure   10008490 f   LIBCMTD:gs_report.obj
 0001:000074c0       ___report_gsfailure        100084c0 f   LIBCMTD:gs_report.obj
 0001:000075d0       ___report_rangecheckfailure 100085d0 f   LIBCMTD:gs_report.obj
 0001:000075e0       ___report_securityfailure  100085e0 f   LIBCMTD:gs_report.obj
 0001:000076c0       ___report_securityfailureEx 100086c0 f   LIBCMTD:gs_report.obj
 0001:00007c90       __CRT_INIT@12              10008c90 f   LIBCMTD:dll_dllmain.obj
 0001:00007cb0       __DllMainCRTStartup@12     10008cb0 f   LIBCMTD:dll_dllmain.obj
 0001:00007ce0       ?_RTC_GetErrorFunc@@YAP6AHHPBDH00ZZPBX@Z 10008ce0 f   LIBCMTD:_userapi_.obj
 0001:00007cf0       ?_RTC_GetErrorFuncW@@YAP6AHHPB_WH00ZZPBX@Z 10008cf0 f   LIBCMTD:_userapi_.obj
 0001:00007d00       __RTC_GetErrDesc           10008d00 f   LIBCMTD:_userapi_.obj
 0001:00007d20       __RTC_NumErrors            10008d20 f   LIBCMTD:_userapi_.obj
 0001:00007d30       __RTC_SetErrorFunc         10008d30 f   LIBCMTD:_userapi_.obj
 0001:00007d50       __RTC_SetErrorFuncW        10008d50 f   LIBCMTD:_userapi_.obj
 0001:00007d70       __RTC_SetErrorType         10008d70 f   LIBCMTD:_userapi_.obj
 0001:00008230       ?_RTC_GetSrcLine@@YAHPAEPA_WKPAH1K@Z 10009230 f   LIBCMTD:_pdblkup_.obj
 0001:00008590       @_guard_check_icall@4      10009590 f i LIBCMTD:checkcfg.obj
 0001:000085b0       ??$__crt_fast_decode_pointer@PAP6AXXZ@@YAPAP6AXXZQAP6AXXZ@Z 100095b0 f i LIBCMTD:utility.obj
 0001:000085e0       ??$__crt_fast_encode_pointer@PAP6AXXZ@@YAPAP6AXXZQAP6AXXZ@Z 100095e0 f i LIBCMTD:utility.obj
 0001:00008610       ?__crt_rotate_pointer_value@@YAIIH@Z 10009610 f i LIBCMTD:utility.obj
 0001:00008620       ?configure_argv@__scrt_narrow_argv_policy@@SAHXZ 10009620 f i LIBCMTD:utility.obj
 0001:00008740       _NtCurrentTeb              10009740 f i LIBCMTD:utility.obj
 0001:00008750       ___scrt_acquire_startup_lock 10009750 f   LIBCMTD:utility.obj
 0001:000087a0       ___scrt_dllmain_after_initialize_c 100097a0 f   LIBCMTD:utility.obj
 0001:000087d0       ___scrt_dllmain_before_initialize_c 100097d0 f   LIBCMTD:utility.obj
 0001:000087f0       ___scrt_dllmain_crt_thread_attach 100097f0 f   LIBCMTD:utility.obj
 0001:00008820       ___scrt_dllmain_crt_thread_detach 10009820 f   LIBCMTD:utility.obj
 0001:00008840       ___scrt_dllmain_exception_filter 10009840 f   LIBCMTD:utility.obj
 0001:00008890       ___scrt_dllmain_uninitialize_c 10009890 f   LIBCMTD:utility.obj
 0001:000088c0       ___scrt_dllmain_uninitialize_critical 100098c0 f   LIBCMTD:utility.obj
 0001:000088e0       ___scrt_initialize_crt     100098e0 f   LIBCMTD:utility.obj
 0001:00008930       ___scrt_initialize_onexit_tables 10009930 f   LIBCMTD:utility.obj
 0001:00008a00       ___scrt_is_nonwritable_in_current_image 10009a00 f   LIBCMTD:utility.obj
 0001:00008b30       ___scrt_release_startup_lock 10009b30 f   LIBCMTD:utility.obj
 0001:00008b60       ___scrt_uninitialize_crt   10009b60 f   LIBCMTD:utility.obj
 0001:00008ba0       __onexit                   10009ba0 f   LIBCMTD:utility.obj
 0001:00008c10       _at_quick_exit             10009c10 f   LIBCMTD:utility.obj
 0001:00008c60       _atexit                    10009c60 f   LIBCMTD:utility.obj
 0001:00008c90       ___security_init_cookie    10009c90 f   LIBCMTD:gs_support.obj
 0001:00008d70       _DllMain@12                10009d70 f   LIBCMTD:dll_dllmain_stub.obj
 0001:00008d80       ?__scrt_initialize_type_info@@YAXXZ 10009d80 f   LIBCMTD:tncleanup.obj
 0001:00008d90       ?__scrt_uninitialize_type_info@@YAXXZ 10009d90 f   LIBCMTD:tncleanup.obj
 0001:00008db0       ___local_stdio_scanf_options 10009db0 f i LIBCMTD:default_local_stdio_options.obj
 0001:00008dc0       ___scrt_initialize_default_local_stdio_options 10009dc0 f   LIBCMTD:default_local_stdio_options.obj
 0001:00008e00       ___scrt_get_dyn_tls_init_callback 10009e00 f   LIBCMTD:dyn_tls_init.obj
 0001:00008e10       ___scrt_fastfail           10009e10 f   LIBCMTD:utility_desktop.obj
 0001:00008f50       ___scrt_get_show_window_mode 10009f50 f   LIBCMTD:utility_desktop.obj
 0001:00008f90       ___scrt_initialize_winrt   10009f90 f   LIBCMTD:utility_desktop.obj
 0001:00008fa0       ___scrt_is_managed_app     10009fa0 f   LIBCMTD:utility_desktop.obj
 0001:00009030       ___scrt_set_unhandled_exception_filter 1000a030 f   LIBCMTD:utility_desktop.obj
 0001:00009040       ___scrt_unhandled_exception_filter@4 1000a040 f   LIBCMTD:utility_desktop.obj
 0001:000090a0       __crt_debugger_hook        1000a0a0 f   LIBCMTD:utility_desktop.obj
 0001:000090b0       __RTC_Initialize           1000a0b0 f   LIBCMTD:_initsect_.obj
 0001:000090e0       __RTC_Terminate            1000a0e0 f   LIBCMTD:_initsect_.obj
 0001:00009110       @_guard_check_icall_nop@4  1000a110 f i LIBCMTD:guard_support.obj
 0001:00009120       __guard_icall_checks_enforced 1000a120 f i LIBCMTD:guard_support.obj
 0001:00009150       ___isa_available_init      1000a150 f   LIBCMTD:_cpu_disp_.obj
 0001:00009430       __get_startup_argv_mode    1000a430 f   LIBCMTD:argv_mode.obj
 0001:00009440       ___scrt_is_ucrt_dll_in_use 1000a440 f   LIBCMTD:ucrt_detection.obj
 0001:00009470       _memcpy                    1000a470 f   libvcruntimed:memcpy.obj
 0001:000099f0       _memset                    1000a9f0 f   libvcruntimed:memset.obj
 0001:00009bb0       __except_handler4          1000abb0 f   libvcruntimed:_chandler4_.obj
 0001:00009d80       ___vcrt_GetModuleFileNameW 1000ad80 f   libvcruntimed:winapi_thunks.obj
 0001:00009da0       ___vcrt_GetModuleHandleW   1000ada0 f   libvcruntimed:winapi_thunks.obj
 0001:00009db0       ___vcrt_LoadLibraryExW     1000adb0 f   libvcruntimed:winapi_thunks.obj
 0001:00009dd0       ___vcrt_initialize         1000add0 f   libvcruntimed:initialization.obj
 0001:00009e10       ___vcrt_thread_attach      1000ae10 f   libvcruntimed:initialization.obj
 0001:00009e30       ___vcrt_thread_detach      1000ae30 f   libvcruntimed:initialization.obj
 0001:00009e50       ___vcrt_uninitialize       1000ae50 f   libvcruntimed:initialization.obj
 0001:00009e70       ___vcrt_uninitialize_critical 1000ae70 f   libvcruntimed:initialization.obj
 0001:00009eb0       ??$?RD@__crt_internal_free_policy@@QBEXQBD@Z 1000aeb0 f i libvcruntimed:std_type_info.obj
 0001:00009ed0       ??$?RX@__crt_internal_free_policy@@QBEXQBX@Z 1000aed0 f i libvcruntimed:std_type_info.obj
 0001:00009ef0       ??$__crt_interlocked_compare_exchange_pointer@$$CBD$$T$$T@@YAPBDPDSBD$$T1@Z 1000aef0 f i libvcruntimed:std_type_info.obj
 0001:00009f10       ??$__crt_interlocked_compare_exchange_pointer@$$CBDPAD$$T@@YAPBDPDSBDQAD$$T@Z 1000af10 f i libvcruntimed:std_type_info.obj
 0001:00009f30       ??$__crt_interlocked_read_pointer@$$CBD@@YAPBDPDSBD@Z 1000af30 f i libvcruntimed:std_type_info.obj
 0001:00009f50       ??0?$__crt_unique_heap_ptr@DU__crt_internal_free_policy@@@@QAE@QAD@Z 1000af50 f i libvcruntimed:std_type_info.obj
 0001:00009f70       ??0?$__crt_unique_heap_ptr@XU__crt_internal_free_policy@@@@QAE@QAX@Z 1000af70 f i libvcruntimed:std_type_info.obj
 0001:00009f90       ??1?$__crt_unique_heap_ptr@DU__crt_internal_free_policy@@@@QAE@XZ 1000af90 f i libvcruntimed:std_type_info.obj
 0001:00009fb0       ??1?$__crt_unique_heap_ptr@XU__crt_internal_free_policy@@@@QAE@XZ 1000afb0 f i libvcruntimed:std_type_info.obj
 0001:00009ff0       ??B?$__crt_unique_heap_ptr@DU__crt_internal_free_policy@@@@QBE_NXZ 1000aff0 f i libvcruntimed:std_type_info.obj
 0001:0000a010       ??B?$__crt_unique_heap_ptr@XU__crt_internal_free_policy@@@@QBE_NXZ 1000b010 f i libvcruntimed:std_type_info.obj
 0001:0000a080       ?detach@?$__crt_unique_heap_ptr@XU__crt_internal_free_policy@@@@QAEPAXXZ 1000b080 f i libvcruntimed:std_type_info.obj
 0001:0000a0b0       ?get@?$__crt_unique_heap_ptr@DU__crt_internal_free_policy@@@@QBEPADXZ 1000b0b0 f i libvcruntimed:std_type_info.obj
 0001:0000a0c0       ?get@?$__crt_unique_heap_ptr@XU__crt_internal_free_policy@@@@QBEPAXXZ 1000b0c0 f i libvcruntimed:std_type_info.obj
 0001:0000a0d0       ?is_valid@?$__crt_unique_heap_ptr@DU__crt_internal_free_policy@@@@QBE_NXZ 1000b0d0 f i libvcruntimed:std_type_info.obj
 0001:0000a100       ?is_valid@?$__crt_unique_heap_ptr@XU__crt_internal_free_policy@@@@QBE_NXZ 1000b100 f i libvcruntimed:std_type_info.obj
 0001:0000a130       ?release@?$__crt_unique_heap_ptr@DU__crt_internal_free_policy@@@@QAEXXZ 1000b130 f i libvcruntimed:std_type_info.obj
 0001:0000a160       ?release@?$__crt_unique_heap_ptr@XU__crt_internal_free_policy@@@@QAEXXZ 1000b160 f i libvcruntimed:std_type_info.obj
 0001:0000a190       ___std_type_info_compare   1000b190 f   libvcruntimed:std_type_info.obj
 0001:0000a1c0       ___std_type_info_destroy_list 1000b1c0 f   libvcruntimed:std_type_info.obj
 0001:0000a200       ___std_type_info_hash      1000b200 f   libvcruntimed:std_type_info.obj
 0001:0000a260       ___std_type_info_name      1000b260 f   libvcruntimed:std_type_info.obj
 0001:0000a440       __local_unwind4            1000b440 f   libvcruntimed:_exsup4_.obj
 0001:0000a516       __seh_longjmp_unwind4@4    1000b516 f   libvcruntimed:_exsup4_.obj
 0001:0000a53e       @_EH4_CallFilterFunc@8     1000b53e f   libvcruntimed:_exsup4_.obj
 0001:0000a555       @_EH4_TransferToHandler@8  1000b555 f   libvcruntimed:_exsup4_.obj
 0001:0000a56e       @_EH4_GlobalUnwind2@8      1000b56e f   libvcruntimed:_exsup4_.obj
 0001:0000a587       @_EH4_LocalUnwind@16       1000b587 f   libvcruntimed:_exsup4_.obj
 0001:0000a5a0       ___except_validate_context_record 1000b5a0 f   libvcruntimed:jbcxrval.obj
 0001:0000a5f0       ___except_validate_jump_buffer 1000b5f0 f   libvcruntimed:jbcxrval.obj
 0001:0000a640       ??$?RU__vcrt_ptd@@@__crt_internal_free_policy@@QBEXQBU__vcrt_ptd@@@Z 1000b640 f i libvcruntimed:per_thread_data.obj
 0001:0000a660       ??0?$__crt_unique_heap_ptr@U__vcrt_ptd@@U__crt_internal_free_policy@@@@QAE@QAU__vcrt_ptd@@@Z 1000b660 f i libvcruntimed:per_thread_data.obj
 0001:0000a6a0       ??1?$__crt_unique_heap_ptr@U__vcrt_ptd@@U__crt_internal_free_policy@@@@QAE@XZ 1000b6a0 f i libvcruntimed:per_thread_data.obj
 0001:0000a6e0       ??B?$__crt_unique_heap_ptr@U__vcrt_ptd@@U__crt_internal_free_policy@@@@QBE_NXZ 1000b6e0 f i libvcruntimed:per_thread_data.obj
 0001:0000a700       ?detach@?$__crt_unique_heap_ptr@U__vcrt_ptd@@U__crt_internal_free_policy@@@@QAEPAU__vcrt_ptd@@XZ 1000b700 f i libvcruntimed:per_thread_data.obj
 0001:0000a730       ?get@?$__crt_unique_heap_ptr@U__vcrt_ptd@@U__crt_internal_free_policy@@@@QBEPAU__vcrt_ptd@@XZ 1000b730 f i libvcruntimed:per_thread_data.obj
 0001:0000a740       ?is_valid@?$__crt_unique_heap_ptr@U__vcrt_ptd@@U__crt_internal_free_policy@@@@QBE_NXZ 1000b740 f i libvcruntimed:per_thread_data.obj
 0001:0000a770       ?release@?$__crt_unique_heap_ptr@U__vcrt_ptd@@U__crt_internal_free_policy@@@@QAEXXZ 1000b770 f i libvcruntimed:per_thread_data.obj
 0001:0000a7d0       ___vcrt_freefls@4          1000b7d0 f   libvcruntimed:per_thread_data.obj
 0001:0000a800       ___vcrt_freeptd            1000b800 f   libvcruntimed:per_thread_data.obj
 0001:0000a860       ___vcrt_getptd             1000b860 f   libvcruntimed:per_thread_data.obj
 0001:0000a880       ___vcrt_getptd_noexit      1000b880 f   libvcruntimed:per_thread_data.obj
 0001:0000a9e0       ___vcrt_initialize_ptd     1000b9e0 f   libvcruntimed:per_thread_data.obj
 0001:0000aa30       ___vcrt_uninitialize_ptd   1000ba30 f   libvcruntimed:per_thread_data.obj
 0001:0000aa60       ___vcrt_initialize_locks   1000ba60 f   libvcruntimed:locks.obj
 0001:0000aac0       ___vcrt_lock               1000bac0 f   libvcruntimed:locks.obj
 0001:0000aae0       ___vcrt_uninitialize_locks 1000bae0 f   libvcruntimed:locks.obj
 0001:0000ab30       ___vcrt_unlock             1000bb30 f   libvcruntimed:locks.obj
 0001:0000ab50       ??$?BX@__crt_fast_encoded_nullptr_t@@QBEPAXXZ 1000bb50 f i libvcruntimed:winapi_downlevel.obj
 0001:0000ab70       ??$__crt_fast_decode_pointer@PAX@@YAPAXQAX@Z 1000bb70 f i libvcruntimed:winapi_downlevel.obj
 0001:0000aba0       ??$__crt_fast_encode_pointer@PAX@@YAPAXQAX@Z 1000bba0 f i libvcruntimed:winapi_downlevel.obj
 0001:0000abd0       ??$__crt_interlocked_compare_exchange_pointer@UHINSTANCE__@@$$T$$T@@YAPAUHINSTANCE__@@PDSAU0@$$T1@Z 1000bbd0 f i libvcruntimed:winapi_downlevel.obj
 0001:0000abf0       ??$__crt_interlocked_compare_exchange_pointer@X$$T$$T@@YAPAXPDSAX$$T1@Z 1000bbf0 f i libvcruntimed:winapi_downlevel.obj
 0001:0000ac10       ??$__crt_interlocked_exchange_pointer@UHINSTANCE__@@PAU1@@@YAPAUHINSTANCE__@@PDSAU0@QAU0@@Z 1000bc10 f i libvcruntimed:winapi_downlevel.obj
 0001:0000ac20       ??$__crt_interlocked_exchange_pointer@UHINSTANCE__@@PAX@@YAPAUHINSTANCE__@@PDSAU0@QAX@Z 1000bc20 f i libvcruntimed:winapi_downlevel.obj
 0001:0000ac30       ??$__crt_interlocked_exchange_pointer@XPAX@@YAPAXPDSAXQAX@Z 1000bc30 f i libvcruntimed:winapi_downlevel.obj
 0001:0000ac40       ??$__crt_interlocked_read_pointer@UHINSTANCE__@@@@YAPAUHINSTANCE__@@PDSAU0@@Z 1000bc40 f i libvcruntimed:winapi_downlevel.obj
 0001:0000ac60       ??$__crt_interlocked_read_pointer@X@@YAPAXPDSAX@Z 1000bc60 f i libvcruntimed:winapi_downlevel.obj
 0001:0000ac80       ?__crt_fast_encode_pointer@@YA?AU__crt_fast_encoded_nullptr_t@@$$T@Z 1000bc80 f i libvcruntimed:winapi_downlevel.obj
 0001:0000b0d0       ___vcrt_EventRegister      1000c0d0 f   libvcruntimed:winapi_downlevel.obj
 0001:0000b110       ___vcrt_EventSetInformation 1000c110 f   libvcruntimed:winapi_downlevel.obj
 0001:0000b160       ___vcrt_EventUnregister    1000c160 f   libvcruntimed:winapi_downlevel.obj
 0001:0000b1a0       ___vcrt_EventWriteTransfer 1000c1a0 f   libvcruntimed:winapi_downlevel.obj
 0001:0000b1f0       ___vcrt_FlsAlloc           1000c1f0 f   libvcruntimed:winapi_downlevel.obj
 0001:0000b230       ___vcrt_FlsFree            1000c230 f   libvcruntimed:winapi_downlevel.obj
 0001:0000b270       ___vcrt_FlsGetValue        1000c270 f   libvcruntimed:winapi_downlevel.obj
 0001:0000b2b0       ___vcrt_FlsSetValue        1000c2b0 f   libvcruntimed:winapi_downlevel.obj
 0001:0000b300       ___vcrt_InitializeCriticalSectionEx 1000c300 f   libvcruntimed:winapi_downlevel.obj
 0001:0000b350       ___vcrt_initialize_winapi_thunks 1000c350 f   libvcruntimed:winapi_downlevel.obj
 0001:0000b3b0       ___vcrt_uninitialize_winapi_thunks 1000c3b0 f   libvcruntimed:winapi_downlevel.obj
 0001:0000b420       ??$?B$$A6AXXZ@__crt_fast_encoded_nullptr_t@@QBEP6AXXZXZ 1000c420 f i libvcruntimed:purevirt_data.obj
 0001:0000b440       ??$__crt_fast_encode_pointer@P6AXXZ@@YAP6AXXZQ6AXXZ@Z 1000c440 f i libvcruntimed:purevirt_data.obj
 0001:0000b470       ___vcrt_initialize_pure_virtual_call_handler 1000c470 f   libvcruntimed:purevirt_data.obj
 0001:0000b4a0       ??0Block@_HeapManager@@QAE@XZ 1000c4a0 f i libvcruntimed:undname.obj
 0001:0000b4c0       ??0DName@@QAE@AAPBDD@Z     1000c4c0 f   libvcruntimed:undname.obj
 0001:0000b780       ??0DName@@QAE@ABV0@@Z      1000c780 f i libvcruntimed:undname.obj
 0001:0000b7a0       ??0DName@@QAE@D@Z          1000c7a0 f   libvcruntimed:undname.obj
 0001:0000b880       ??0DName@@QAE@PAV0@@Z      1000c880 f   libvcruntimed:undname.obj
 0001:0000b9c0       ??0DName@@QAE@PBD@Z        1000c9c0 f   libvcruntimed:undname.obj
 0001:0000bab0       ??0DName@@QAE@W4DNameStatus@@@Z 1000cab0 f   libvcruntimed:undname.obj
 0001:0000bbd0       ??0DName@@QAE@XZ           1000cbd0 f i libvcruntimed:undname.obj
 0001:0000bc90       ??0DName@@QAE@_J@Z         1000cc90 f   libvcruntimed:undname.obj
 0001:0000be10       ??0DName@@QAE@_K@Z         1000ce10 f   libvcruntimed:undname.obj
 0001:0000bf50       ??0DNameNode@@IAE@XZ       1000cf50 f   libvcruntimed:undname.obj
 0001:0000bf70       ??0DNameStatusNode@@AAE@W4DNameStatus@@@Z 1000cf70 f   libvcruntimed:undname.obj
 0001:0000bfc0       ??0Replicator@@QAE@XZ      1000cfc0 f i libvcruntimed:undname.obj
 0001:0000bff0       ??0UnDecorator@@QAE@PADPBDHP6APADJ@ZK@Z 1000cff0 f i libvcruntimed:undname.obj
 0001:0000c090       ??0charNode@@QAE@D@Z       1000d090 f   libvcruntimed:undname.obj
 0001:0000c0c0       ??0pDNameNode@@QAE@PAVDName@@@Z 1000d0c0 f   libvcruntimed:undname.obj
 0001:0000c120       ??0pairNode@@QAE@PAVDNameNode@@0@Z 1000d120 f   libvcruntimed:undname.obj
 0001:0000c160       ??0pcharNode@@QAE@PBDH@Z   1000d160 f   libvcruntimed:undname.obj
 0001:0000c200       ??2@YAPAXIAAV_HeapManager@@H@Z 1000d200 f i libvcruntimed:undname.obj
 0001:0000c220       ??4DName@@QAEAAV0@ABV0@@Z  1000d220 f   libvcruntimed:undname.obj
 0001:0000c240       ??4DName@@QAEAAV0@D@Z      1000d240 f i libvcruntimed:undname.obj
 0001:0000c320       ??4DName@@QAEAAV0@PAV0@@Z  1000d320 f   libvcruntimed:undname.obj
 0001:0000c450       ??4DName@@QAEAAV0@PBD@Z    1000d450 f   libvcruntimed:undname.obj
 0001:0000c530       ??4DName@@QAEAAV0@W4DNameStatus@@@Z 1000d530 f   libvcruntimed:undname.obj
 0001:0000c630       ??AReplicator@@QBE?AVDName@@H@Z 1000d630 f   libvcruntimed:undname.obj
 0001:0000c6a0       ??BUnDecorator@@QAEPADXZ   1000d6a0 f i libvcruntimed:undname.obj
 0001:0000c950       ??H@YA?AVDName@@DABV0@@Z   1000d950 f i libvcruntimed:undname.obj
 0001:0000c980       ??H@YA?AVDName@@PBDABV0@@Z 1000d980 f i libvcruntimed:undname.obj
 0001:0000c9b0       ??H@YA?AVDName@@W4DNameStatus@@ABV0@@Z 1000d9b0 f i libvcruntimed:undname.obj
 0001:0000c9e0       ??HDName@@QBE?AV0@ABV0@@Z  1000d9e0 f   libvcruntimed:undname.obj
 0001:0000ca20       ??HDName@@QBE?AV0@D@Z      1000da20 f   libvcruntimed:undname.obj
 0001:0000ca60       ??HDName@@QBE?AV0@PAV0@@Z  1000da60 f   libvcruntimed:undname.obj
 0001:0000caa0       ??HDName@@QBE?AV0@PBD@Z    1000daa0 f   libvcruntimed:undname.obj
 0001:0000cae0       ??HDName@@QBE?AV0@W4DNameStatus@@@Z 1000dae0 f   libvcruntimed:undname.obj
 0001:0000cb20       ??YDName@@QAEAAV0@ABV0@@Z  1000db20 f   libvcruntimed:undname.obj
 0001:0000cb90       ??YDName@@QAEAAV0@D@Z      1000db90 f   libvcruntimed:undname.obj
 0001:0000cc10       ??YDName@@QAEAAV0@PAV0@@Z  1000dc10 f   libvcruntimed:undname.obj
 0001:0000ccc0       ??YDName@@QAEAAV0@PBD@Z    1000dcc0 f   libvcruntimed:undname.obj
 0001:0000cd60       ??YDName@@QAEAAV0@W4DNameStatus@@@Z 1000dd60 f   libvcruntimed:undname.obj
 0001:0000cdc0       ??YReplicator@@QAEAAV0@ABVDName@@@Z 1000ddc0 f   libvcruntimed:undname.obj
 0001:0000ce50       ??_5DName@@QAEAAV0@ABV0@@Z 1000de50 f   libvcruntimed:undname.obj
 0001:0000ceb0       ?Constructor@_HeapManager@@QAEXP6APAXI@ZP6AXPAX@Z@Z 1000deb0 f i libvcruntimed:undname.obj
 0001:0000cef0       ?Destructor@_HeapManager@@QAEXXZ 1000def0 f i libvcruntimed:undname.obj
 0001:0000cf50       ?UScore@UnDecorator@@SAPBDW4Tokens@@@Z 1000df50 f   libvcruntimed:undname.obj
 0001:0000cf80       ?append@DName@@AAEXPAVDNameNode@@@Z 1000df80 f   libvcruntimed:undname.obj
 0001:0000d010       ?composeDeclaration@UnDecorator@@CA?AVDName@@ABV2@@Z 1000e010 f i libvcruntimed:undname.obj
 0001:0000eca0       ?dbGetString@DName@@QBEPADXZ 1000fca0 f   libvcruntimed:undname.obj
 0001:0000ecc0       ?doAccessSpecifiers@UnDecorator@@SAHXZ 1000fcc0 f i libvcruntimed:undname.obj
 0001:0000ecf0       ?doAllocationLanguage@UnDecorator@@SAHXZ 1000fcf0 f i libvcruntimed:undname.obj
 0001:0000ed20       ?doAllocationModel@UnDecorator@@SAHXZ 1000fd20 f i libvcruntimed:undname.obj
 0001:0000ed50       ?doEcsu@UnDecorator@@SAHXZ 1000fd50 f i libvcruntimed:undname.obj
 0001:0000ed80       ?doEllipsis@UnDecorator@@SAHXZ 1000fd80 f i libvcruntimed:undname.obj
 0001:0000edb0       ?doFunctionReturns@UnDecorator@@SAHXZ 1000fdb0 f i libvcruntimed:undname.obj
 0001:0000ede0       ?doMSKeywords@UnDecorator@@SAHXZ 1000fde0 f i libvcruntimed:undname.obj
 0001:0000ee10       ?doMemberTypes@UnDecorator@@SAHXZ 1000fe10 f i libvcruntimed:undname.obj
 0001:0000ee40       ?doNameOnly@UnDecorator@@SAHXZ 1000fe40 f i libvcruntimed:undname.obj
 0001:0000ee50       ?doNoIdentCharCheck@UnDecorator@@SAHXZ 1000fe50 f i libvcruntimed:undname.obj
 0001:0000ee60       ?doPchar@DName@@AAEXPBDH@Z 1000fe60 f   libvcruntimed:undname.obj
 0001:0000efa0       ?doPtr64@UnDecorator@@SAHXZ 1000ffa0 f i libvcruntimed:undname.obj
 0001:0000efd0       ?doRestrictionSpec@UnDecorator@@SAHXZ 1000ffd0 f i libvcruntimed:undname.obj
 0001:0000f000       ?doThisTypes@UnDecorator@@SAHXZ 10010000 f i libvcruntimed:undname.obj
 0001:0000f030       ?doThrowTypes@UnDecorator@@SAHXZ 10010030 f i libvcruntimed:undname.obj
 0001:0000f060       ?doTypeOnly@UnDecorator@@SAHXZ 10010060 f i libvcruntimed:undname.obj
 0001:0000f070       ?doUnderScore@UnDecorator@@SAHXZ 10010070 f i libvcruntimed:undname.obj
 0001:0000f0a0       ?getArgumentList@UnDecorator@@CA?AVDName@@XZ 100100a0 f   libvcruntimed:undname.obj
 0001:0000f1f0       ?getArgumentTypes@UnDecorator@@CA?AVDName@@XZ 100101f0 f   libvcruntimed:undname.obj
 0001:0000f350       ?getArrayType@UnDecorator@@CA?AVDName@@ABV2@@Z 10010350 f i libvcruntimed:undname.obj
 0001:0000f590       ?getBasedType@UnDecorator@@CA?AVDName@@XZ 10010590 f   libvcruntimed:undname.obj
 0001:0000f650       ?getBasicDataType@UnDecorator@@CA?AVDName@@ABV2@@Z 10010650 f   libvcruntimed:undname.obj
 0001:0000fc40       ?getCallIndex@UnDecorator@@CA?AVDName@@XZ 10010c40 f i libvcruntimed:undname.obj
 0001:0000fc60       ?getCallingConvention@UnDecorator@@CA?AVDName@@XZ 10010c60 f   libvcruntimed:undname.obj
 0001:0000fdf0       ?getDataIndirectType@UnDecorator@@CA?AVDName@@ABV2@PBD0H@Z 10010df0 f   libvcruntimed:undname.obj
 0001:000105b0       ?getDataIndirectType@UnDecorator@@CA?AVDName@@XZ 100115b0 f i libvcruntimed:undname.obj
 0001:000105f0       ?getDataType@UnDecorator@@CA?AVDName@@PAV2@@Z 100115f0 f   libvcruntimed:undname.obj
 0001:00010710       ?getDecoratedName@UnDecorator@@CA?AVDName@@XZ 10011710 f   libvcruntimed:undname.obj
 0001:00010a30       ?getDimension@UnDecorator@@CA?AVDName@@_N@Z 10011a30 f   libvcruntimed:undname.obj
 0001:00010ce0       ?getDispatchTarget@UnDecorator@@CA?AVDName@@XZ 10011ce0 f   libvcruntimed:undname.obj
 0001:00010d80       ?getDisplacement@UnDecorator@@CA?AVDName@@XZ 10011d80 f i libvcruntimed:undname.obj
 0001:00010da0       ?getECSUDataType@UnDecorator@@CA?AVDName@@XZ 10011da0 f   libvcruntimed:undname.obj
 0001:00010f70       ?getECSUName@UnDecorator@@CA?AVDName@@XZ 10011f70 f i libvcruntimed:undname.obj
 0001:00010f90       ?getEnumType@UnDecorator@@CA?AVDName@@XZ 10011f90 f i libvcruntimed:undname.obj
 0001:000110e0       ?getExtendedDataIndirectType@UnDecorator@@CA?AVDName@@AAPBDAA_NH@Z 100120e0 f   libvcruntimed:undname.obj
 0001:00011330       ?getExternalDataType@UnDecorator@@CA?AVDName@@ABV2@@Z 10012330 f i libvcruntimed:undname.obj
 0001:000113c0       ?getFunctionIndirectType@UnDecorator@@CA?AVDName@@ABV2@@Z 100123c0 f   libvcruntimed:undname.obj
 0001:00011850       ?getGuardNumber@UnDecorator@@CA?AVDName@@XZ 10012850 f i libvcruntimed:undname.obj
 0001:00011870       ?getLastChar@DName@@QBEDXZ 10012870 f i libvcruntimed:undname.obj
 0001:000118b0       ?getLastChar@DNameStatusNode@@UBEDXZ 100128b0 f i libvcruntimed:undname.obj
 0001:000118e0       ?getLastChar@charNode@@UBEDXZ 100128e0 f i libvcruntimed:undname.obj
 0001:00011900       ?getLastChar@pDNameNode@@UBEDXZ 10012900 f i libvcruntimed:undname.obj
 0001:00011930       ?getLastChar@pairNode@@UBEDXZ 10012930 f i libvcruntimed:undname.obj
 0001:000119a0       ?getLastChar@pcharNode@@UBEDXZ 100129a0 f i libvcruntimed:undname.obj
 0001:000119e0       ?getLexicalFrame@UnDecorator@@CA?AVDName@@XZ 100129e0 f i libvcruntimed:undname.obj
 0001:00011a20       ?getMemory@_HeapManager@@QAEPAXIH@Z 10012a20 f   libvcruntimed:undname.obj
 0001:00011b40       ?getNumberOfDimensions@UnDecorator@@CAHXZ 10012b40 f   libvcruntimed:undname.obj
 0001:00011c40       ?getOperatorName@UnDecorator@@CA?AVDName@@_NPA_N@Z 10012c40 f i libvcruntimed:undname.obj
 0001:00012670       ?getPointerType@UnDecorator@@CA?AVDName@@ABV2@0@Z 10013670 f i libvcruntimed:undname.obj
 0001:000126a0       ?getPointerTypeArray@UnDecorator@@CA?AVDName@@ABV2@0@Z 100136a0 f i libvcruntimed:undname.obj
 0001:000126d0       ?getPrimaryDataType@UnDecorator@@CA?AVDName@@ABV2@@Z 100136d0 f   libvcruntimed:undname.obj
 0001:00012ad0       ?getPtrRefDataType@UnDecorator@@CA?AVDName@@ABV2@H@Z 10013ad0 f   libvcruntimed:undname.obj
 0001:00012c70       ?getPtrRefType@UnDecorator@@CA?AVDName@@ABV2@0PBD@Z 10013c70 f   libvcruntimed:undname.obj
 0001:00012de0       ?getReferenceType@UnDecorator@@CA?AVDName@@ABV2@0PBD@Z 10013de0 f i libvcruntimed:undname.obj
 0001:00012e00       ?getRestrictionSpec@UnDecorator@@CA?AVDName@@XZ 10013e00 f   libvcruntimed:undname.obj
 0001:00012f50       ?getReturnType@UnDecorator@@CA?AVDName@@PAV2@@Z 10013f50 f   libvcruntimed:undname.obj
 0001:00012fa0       ?getScope@UnDecorator@@CA?AVDName@@XZ 10013fa0 f   libvcruntimed:undname.obj
 0001:00013490       ?getScopedName@UnDecorator@@CA?AVDName@@XZ 10014490 f   libvcruntimed:undname.obj
 0001:000135b0       ?getSignedDimension@UnDecorator@@CA?AVDName@@XZ 100145b0 f   libvcruntimed:undname.obj
 0001:00013630       ?getStorageConvention@UnDecorator@@CA?AVDName@@XZ 10014630 f i libvcruntimed:undname.obj
 0001:00013650       ?getString@DName@@QBEPADPAD0@Z 10014650 f i libvcruntimed:undname.obj
 0001:000136a0       ?getString@DName@@QBEPADPADH@Z 100146a0 f i libvcruntimed:undname.obj
 0001:00013730       ?getString@DNameStatusNode@@UBEPADPAD0@Z 10014730 f i libvcruntimed:undname.obj
 0001:00013770       ?getString@charNode@@UBEPADPAD0@Z 10014770 f i libvcruntimed:undname.obj
 0001:000137a0       ?getString@pDNameNode@@UBEPADPAD0@Z 100147a0 f i libvcruntimed:undname.obj
 0001:000137e0       ?getString@pairNode@@UBEPADPAD0@Z 100147e0 f i libvcruntimed:undname.obj
 0001:00013860       ?getString@pcharNode@@UBEPADPAD0@Z 10014860 f i libvcruntimed:undname.obj
 0001:00013890       ?getStringEncoding@UnDecorator@@CA?AVDName@@PADH@Z 10014890 f   libvcruntimed:undname.obj
 0001:000139a0       ?getStringHelper@@YAPADPAD00H@Z 100149a0 f i libvcruntimed:undname.obj
 0001:000139e0       ?getSymbolName@UnDecorator@@CA?AVDName@@XZ 100149e0 f i libvcruntimed:undname.obj
 0001:00013a70       ?getTemplateArgumentList@UnDecorator@@CA?AVDName@@XZ 10014a70 f   libvcruntimed:undname.obj
 0001:00013e60       ?getTemplateConstant@UnDecorator@@CA?AVDName@@XZ 10014e60 f   libvcruntimed:undname.obj
 0001:00014410       ?getTemplateName@UnDecorator@@CA?AVDName@@_N@Z 10015410 f   libvcruntimed:undname.obj
 0001:000145e0       ?getThisType@UnDecorator@@CA?AVDName@@XZ 100155e0 f i libvcruntimed:undname.obj
 0001:00014620       ?getThrowTypes@UnDecorator@@CA?AVDName@@XZ 10015620 f   libvcruntimed:undname.obj
 0001:000146d0       ?getTypeEncoding@UnDecorator@@CAHXZ 100156d0 f i libvcruntimed:undname.obj
 0001:00015110       ?getVCallThunkType@UnDecorator@@CA?AVDName@@XZ 10016110 f i libvcruntimed:undname.obj
 0001:00015170       ?getVbTableType@UnDecorator@@CA?AVDName@@ABV2@@Z 10016170 f i libvcruntimed:undname.obj
 0001:00015190       ?getVdispMapType@UnDecorator@@CA?AVDName@@ABV2@@Z 10016190 f i libvcruntimed:undname.obj
 0001:00015200       ?getVfTableType@UnDecorator@@CA?AVDName@@ABV2@@Z 10016200 f i libvcruntimed:undname.obj
 0001:000153c0       ?getZName@UnDecorator@@CA?AVDName@@_N0@Z 100163c0 f   libvcruntimed:undname.obj
 0001:00015690       ?haveTemplateParameters@UnDecorator@@SAHXZ 10016690 f i libvcruntimed:undname.obj
 0001:000156a0       ?isArray@DName@@QBEHXZ     100166a0 f i libvcruntimed:undname.obj
 0001:000156c0       ?isComArray@DName@@QBEHXZ  100166c0 f i libvcruntimed:undname.obj
 0001:000156e0       ?isEmpty@DName@@QBEHXZ     100166e0 f i libvcruntimed:undname.obj
 0001:00015710       ?isFull@Replicator@@QBEHXZ 10016710 f i libvcruntimed:undname.obj
 0001:00015740       ?isNoTE@DName@@QBEHXZ      10016740 f i libvcruntimed:undname.obj
 0001:00015760       ?isPinPtr@DName@@QBEHXZ    10016760 f i libvcruntimed:undname.obj
 0001:00015780       ?isPtrRef@DName@@QBEHXZ    10016780 f i libvcruntimed:undname.obj
 0001:000157a0       ?isUDC@DName@@QBEHXZ       100167a0 f i libvcruntimed:undname.obj
 0001:000157e0       ?isUDTThunk@DName@@QBEHXZ  100167e0 f i libvcruntimed:undname.obj
 0001:00015820       ?isVCallThunk@DName@@QBEHXZ 10016820 f i libvcruntimed:undname.obj
 0001:00015840       ?isValid@DName@@QBEHXZ     10016840 f i libvcruntimed:undname.obj
 0001:00015880       ?length@DName@@QBEHXZ      10016880 f i libvcruntimed:undname.obj
 0001:000158c0       ?length@DNameStatusNode@@UBEHXZ 100168c0 f i libvcruntimed:undname.obj
 0001:000158e0       ?length@charNode@@UBEHXZ   100168e0 f i libvcruntimed:undname.obj
 0001:000158f0       ?length@pDNameNode@@UBEHXZ 100168f0 f i libvcruntimed:undname.obj
 0001:00015920       ?length@pairNode@@UBEHXZ   10016920 f i libvcruntimed:undname.obj
 0001:00015990       ?length@pcharNode@@UBEHXZ  10016990 f i libvcruntimed:undname.obj
 0001:000159b0       ?make@DNameStatusNode@@SAPAV1@W4DNameStatus@@@Z 100169b0 f i libvcruntimed:undname.obj
 0001:00015a30       ?setIsArray@DName@@QAEXXZ  10016a30 f i libvcruntimed:undname.obj
 0001:00015a50       ?setIsComArray@DName@@QAEXXZ 10016a50 f i libvcruntimed:undname.obj
 0001:00015a70       ?setIsNoTE@DName@@QAEXXZ   10016a70 f i libvcruntimed:undname.obj
 0001:00015a90       ?setIsPinPtr@DName@@QAEXXZ 10016a90 f i libvcruntimed:undname.obj
 0001:00015ab0       ?setIsUDC@DName@@QAEXXZ    10016ab0 f i libvcruntimed:undname.obj
 0001:00015ae0       ?setIsVCallThunk@DName@@QAEXXZ 10016ae0 f i libvcruntimed:undname.obj
 0001:00015b00       ?setPtrRef@DName@@QAEAAV1@XZ 10016b00 f i libvcruntimed:undname.obj
 0001:00015b20       ?status@DName@@QBE?AW4DNameStatus@@XZ 10016b20 f i libvcruntimed:undname.obj
 0001:00015c20       ___unDName                 10016c20 f   libvcruntimed:undname.obj
 0001:00015cf0       ___unDNameEx               10016cf0 f   libvcruntimed:undname.obj
 0001:00015dc0       __global_unwind2           10016dc0 f   libvcruntimed:_exsup_.obj
 0001:00015e25       __local_unwind2            10016e25 f   libvcruntimed:_exsup_.obj
 0001:00015ea9       __abnormal_termination     10016ea9 f   libvcruntimed:_exsup_.obj
 0001:00015ecc       __NLG_Notify1              10016ecc f   libvcruntimed:_exsup_.obj
 0001:00015ed5       __NLG_Notify               10016ed5 f   libvcruntimed:_exsup_.obj
 0001:00015eec       __NLG_Dispatch             10016eec     libvcruntimed:_exsup_.obj
 0001:00015eec       __NLG_Dispatch2            10016eec     libvcruntimed:_exsup_.obj
 0001:00015ef4       __NLG_Call                 10016ef4 f   libvcruntimed:_exsup_.obj
 0001:00015ef6       __NLG_Return2              10016ef6     libvcruntimed:_exsup_.obj
 0001:00015f00       ??$__crt_fast_decode_pointer@P6AXXZ@@YAP6AXXZQ6AXXZ@Z 10016f00 f i libvcruntimed:purevirt.obj
 0001:00015f30       ??$__crt_interlocked_compare_exchange_pointer@$$A6AXXZ$$T$$T@@YAP6AXXZPDS6AXXZ$$T1@Z 10016f30 f i libvcruntimed:purevirt.obj
 0001:00015f50       ??$__crt_interlocked_exchange_pointer@$$A6AXXZP6AXXZ@@YAP6AXXZPDS6AXXZQ6AXXZ@Z 10016f50 f i libvcruntimed:purevirt.obj
 0001:00015f60       ??$__crt_interlocked_read_pointer@$$A6AXXZ@@YAP6AXXZPDS6AXXZ@Z 10016f60 f i libvcruntimed:purevirt.obj
 0001:00015f80       __get_purecall_handler     10016f80 f   libvcruntimed:purevirt.obj
 0001:00015fa0       __purecall                 10016fa0 f   libvcruntimed:purevirt.obj
 0001:00015fd0       __set_purecall_handler     10016fd0 f   libvcruntimed:purevirt.obj
 0001:00016000       ??$__crt_interlocked_read@J@@YAJPDJ@Z 10017000 f i libucrtd:assert.obj
 0001:00016020       ??$__vcrt_va_start_verify_argument_type@QB_W@@YAXXZ 10017020 f i libucrtd:assert.obj
 0001:00017ac0       ??$ftprintf@PAU_iobuf@@PBDABQBDABQBDABI@?$__crt_char_traits@D@@SAH$$QAPAU_iobuf@@$$QAPBDABQBD2ABI@Z 10018ac0 f i libucrtd:assert.obj
 0001:00017af0       ??$ftprintf@PAU_iobuf@@PB_WABQB_WABQB_WABI@?$__crt_char_traits@_W@@SAH$$QAPAU_iobuf@@$$QAPB_WABQB_W2ABI@Z 10018af0 f i libucrtd:assert.obj
 0001:00017b20       ??$get_module_file_name@AAPAUHINSTANCE__@@AAY0BAF@DK@?$__crt_char_traits@D@@SAKAAPAUHINSTANCE__@@AAY0BAF@D$$QAK@Z 10018b20 f i libucrtd:assert.obj
 0001:00017b40       ??$get_module_file_name@AAPAUHINSTANCE__@@AAY0BAF@_WK@?$__crt_char_traits@_W@@SAKAAPAUHINSTANCE__@@AAY0BAF@_W$$QAK@Z 10018b40 f i libucrtd:assert.obj
 0001:00017b60       ??$itot_s@ABIQAD$$CBIH@?$__crt_char_traits@D@@SAHABI$$QBQAD$$QBI$$QAH@Z 10018b60 f i libucrtd:assert.obj
 0001:00017b90       ??$itot_s@ABIQA_W$$CBIH@?$__crt_char_traits@_W@@SAHABI$$QBQA_W$$QBI$$QAH@Z 10018b90 f i libucrtd:assert.obj
 0001:00017bc0       ??$show_message_box@AAY0CEA@DPBDJ@?$__crt_char_traits@D@@SAHAAY0CEA@D$$QAPBD$$QAJ@Z 10018bc0 f i libucrtd:assert.obj
 0001:00017be0       ??$show_message_box@AAY0CEA@_WPB_WJ@?$__crt_char_traits@_W@@SAHAAY0CEA@_W$$QAPB_W$$QAJ@Z 10018be0 f i libucrtd:assert.obj
 0001:00017c00       ??$tcscat_s@ABQADABIAAPAD@?$__crt_char_traits@D@@SAHABQADABIAAPAD@Z 10018c00 f i libucrtd:assert.obj
 0001:00017c30       ??$tcscat_s@ABQADABIABQBD@?$__crt_char_traits@D@@SAHABQADABIABQBD@Z 10018c30 f i libucrtd:assert.obj
 0001:00017c60       ??$tcscat_s@ABQADABIPBD@?$__crt_char_traits@D@@SAHABQADABI$$QAPBD@Z 10018c60 f i libucrtd:assert.obj
 0001:00017c90       ??$tcscat_s@ABQA_WABIAAPA_W@?$__crt_char_traits@_W@@SAHABQA_WABIAAPA_W@Z 10018c90 f i libucrtd:assert.obj
 0001:00017cc0       ??$tcscat_s@ABQA_WABIABQB_W@?$__crt_char_traits@_W@@SAHABQA_WABIABQB_W@Z 10018cc0 f i libucrtd:assert.obj
 0001:00017cf0       ??$tcscat_s@ABQA_WABIPB_W@?$__crt_char_traits@_W@@SAHABQA_WABI$$QAPB_W@Z 10018cf0 f i libucrtd:assert.obj
 0001:00017d20       ??$tcscpy_s@AAY0BAF@DIPBD@?$__crt_char_traits@D@@SAHAAY0BAF@D$$QAI$$QAPBD@Z 10018d20 f i libucrtd:assert.obj
 0001:00017d40       ??$tcscpy_s@AAY0BAF@_WIPB_W@?$__crt_char_traits@_W@@SAHAAY0BAF@_W$$QAI$$QAPB_W@Z 10018d40 f i libucrtd:assert.obj
 0001:00017d60       ??$tcscpy_s@ABQADABIPBD@?$__crt_char_traits@D@@SAHABQADABI$$QAPBD@Z 10018d60 f i libucrtd:assert.obj
 0001:00017d90       ??$tcscpy_s@ABQA_WABIPB_W@?$__crt_char_traits@_W@@SAHABQA_WABI$$QAPB_W@Z 10018d90 f i libucrtd:assert.obj
 0001:00017dc0       ??$tcslen@AAY0BAF@D@?$__crt_char_traits@D@@SAIAAY0BAF@D@Z 10018dc0 f i libucrtd:assert.obj
 0001:00017de0       ??$tcslen@AAY0BAF@_W@?$__crt_char_traits@_W@@SAIAAY0BAF@_W@Z 10018de0 f i libucrtd:assert.obj
 0001:00017e00       ??$tcslen@ABQAD@?$__crt_char_traits@D@@SAIABQAD@Z 10018e00 f i libucrtd:assert.obj
 0001:00017e20       ??$tcslen@ABQA_W@?$__crt_char_traits@_W@@SAIABQA_W@Z 10018e20 f i libucrtd:assert.obj
 0001:00017e40       ??$tcslen@ABQBD@?$__crt_char_traits@D@@SAIABQBD@Z 10018e40 f i libucrtd:assert.obj
 0001:00017e60       ??$tcslen@ABQB_W@?$__crt_char_traits@_W@@SAIABQB_W@Z 10018e60 f i libucrtd:assert.obj
 0001:00017e80       ??$tcsncat_s@ABQADABIAAPBD$$CBI@?$__crt_char_traits@D@@SAHABQADABIAAPBD$$QBI@Z 10018e80 f i libucrtd:assert.obj
 0001:00017eb0       ??$tcsncat_s@ABQADABIABQBDABI@?$__crt_char_traits@D@@SAHABQADABIABQBD1@Z 10018eb0 f i libucrtd:assert.obj
 0001:00017ee0       ??$tcsncat_s@ABQADABIPBD$$CBI@?$__crt_char_traits@D@@SAHABQADABI$$QAPBD$$QBI@Z 10018ee0 f i libucrtd:assert.obj
 0001:00017f10       ??$tcsncat_s@ABQA_WABIAAPB_W$$CBI@?$__crt_char_traits@_W@@SAHABQA_WABIAAPB_W$$QBI@Z 10018f10 f i libucrtd:assert.obj
 0001:00017f40       ??$tcsncat_s@ABQA_WABIABQB_WABI@?$__crt_char_traits@_W@@SAHABQA_WABIABQB_W1@Z 10018f40 f i libucrtd:assert.obj
 0001:00017f70       ??$tcsncat_s@ABQA_WABIPB_W$$CBI@?$__crt_char_traits@_W@@SAHABQA_WABI$$QAPB_W$$QBI@Z 10018f70 f i libucrtd:assert.obj
 0001:00017fa0       ??0__crt_stdio_stream@@QAE@QAU_iobuf@@@Z 10018fa0 f i libucrtd:assert.obj
 0001:00017fc0       ?__crt_interlocked_read_32@@YAHPDH@Z 10018fc0 f i libucrtd:assert.obj
 0001:000181b0       ?get_flags@__crt_stdio_stream@@QBEJXZ 100191b0 f i libucrtd:assert.obj
 0001:00018290       ?has_any_buffer@__crt_stdio_stream@@QBE_NXZ 10019290 f i libucrtd:assert.obj
 0001:000182b0       ?has_any_of@__crt_stdio_stream@@QBE_NJ@Z 100192b0 f i libucrtd:assert.obj
 0001:000182f0       __assert                   100192f0 f   libucrtd:assert.obj
 0001:00018310       __invoke_watson_if_error   10019310 f i libucrtd:assert.obj
 0001:00018340       __vfwprintf_l              10019340 f i libucrtd:assert.obj
 0001:00018370       __vswprintf_c_l            10019370 f i libucrtd:assert.obj
 0001:000183c0       __wassert                  100193c0 f   libucrtd:assert.obj
 0001:000183e0       _fwprintf                  100193e0 f i libucrtd:assert.obj
 0001:00018530       _swprintf                  10019530 f i libucrtd:assert.obj
 0001:00018570       ??$?RPAU__crt_stdio_stream_data@@@__crt_internal_free_policy@@QBEXQBQAU__crt_stdio_stream_data@@@Z 10019570 f i libucrtd:_file.obj
 0001:00018590       ??0?$__crt_unique_heap_ptr@PAU__crt_stdio_stream_data@@U__crt_internal_free_policy@@@@QAE@QAPAU__crt_stdio_stream_data@@@Z 10019590 f i libucrtd:_file.obj
 0001:000185b0       ??1?$__crt_unique_heap_ptr@PAU__crt_stdio_stream_data@@U__crt_internal_free_policy@@@@QAE@XZ 100195b0 f i libucrtd:_file.obj
 0001:000185d0       ??C__crt_stdio_stream@@QBEPAU__crt_stdio_stream_data@@XZ 100195d0 f i libucrtd:_file.obj
 0001:000185f0       ?detach@?$__crt_unique_heap_ptr@PAU__crt_stdio_stream_data@@U__crt_internal_free_policy@@@@QAEPAPAU__crt_stdio_stream_data@@XZ 100195f0 f i libucrtd:_file.obj
 0001:00018620       ?release@?$__crt_unique_heap_ptr@PAU__crt_stdio_stream_data@@U__crt_internal_free_policy@@@@QAEXXZ 10019620 f i libucrtd:_file.obj
 0001:00018650       ___acrt_initialize_stdio   10019650 f   libucrtd:_file.obj
 0001:000187c0       ___acrt_iob_func           100197c0 f   libucrtd:_file.obj
 0001:000187d0       ___acrt_uninitialize_stdio 100197d0 f   libucrtd:_file.obj
 0001:00018850       __get_stream_buffer_pointers 10019850 f   libucrtd:_file.obj
 0001:00018930       __lock_file                10019930 f   libucrtd:_file.obj
 0001:00018960       __unlock_file              10019960 f   libucrtd:_file.obj
 0001:00018990       ??$?0ABV?$stream_output_adapter@D@__crt_stdio_output@@AB_KABQBDABQAU__crt_locale_pointers@@ABQAD@?$format_validation_base@DV?$stream_output_adapter@D@__crt_stdio_output@@@__crt_stdio_output@@IAE@ABV?$stream_output_adapter@D@1@AB_KABQBDABQAU__crt_locale_pointers@@ABQAD@Z 10019990 f i libucrtd:output.obj
 0001:000189c0       ??$?0ABV?$stream_output_adapter@D@__crt_stdio_output@@AB_KABQBDABQAU__crt_locale_pointers@@ABQAD@?$positional_parameter_base@DV?$stream_output_adapter@D@__crt_stdio_output@@@__crt_stdio_output@@IAE@ABV?$stream_output_adapter@D@1@AB_KABQBDABQAU__crt_locale_pointers@@ABQAD@Z 100199c0 f i libucrtd:output.obj
 0001:00018a40       ??$?0ABV?$stream_output_adapter@D@__crt_stdio_output@@AB_KABQBDABQAU__crt_locale_pointers@@ABQAD@?$standard_base@DV?$stream_output_adapter@D@__crt_stdio_output@@@__crt_stdio_output@@IAE@ABV?$stream_output_adapter@D@1@AB_KABQBDABQAU__crt_locale_pointers@@ABQAD@Z 10019a40 f i libucrtd:output.obj
 0001:00018a90       ??$?0ABV?$stream_output_adapter@_W@__crt_stdio_output@@AB_KABQB_WABQAU__crt_locale_pointers@@ABQAD@?$format_validation_base@_WV?$stream_output_adapter@_W@__crt_stdio_output@@@__crt_stdio_output@@IAE@ABV?$stream_output_adapter@_W@1@AB_KABQB_WABQAU__crt_locale_pointers@@ABQAD@Z 10019a90 f i libucrtd:output.obj
 0001:00018ac0       ??$?0ABV?$stream_output_adapter@_W@__crt_stdio_output@@AB_KABQB_WABQAU__crt_locale_pointers@@ABQAD@?$positional_parameter_base@_WV?$stream_output_adapter@_W@__crt_stdio_output@@@__crt_stdio_output@@IAE@ABV?$stream_output_adapter@_W@1@AB_KABQB_WABQAU__crt_locale_pointers@@ABQAD@Z 10019ac0 f i libucrtd:output.obj
 0001:00018b40       ??$?0ABV?$stream_output_adapter@_W@__crt_stdio_output@@AB_KABQB_WABQAU__crt_locale_pointers@@ABQAD@?$standard_base@_WV?$stream_output_adapter@_W@__crt_stdio_output@@@__crt_stdio_output@@IAE@ABV?$stream_output_adapter@_W@1@AB_KABQB_WABQAU__crt_locale_pointers@@ABQAD@Z 10019b40 f i libucrtd:output.obj
 0001:00018b90       ??$?0ABV?$string_output_adapter@D@__crt_stdio_output@@AB_KABQBDABQAU__crt_locale_pointers@@ABQAD@?$format_validation_base@DV?$string_output_adapter@D@__crt_stdio_output@@@__crt_stdio_output@@IAE@ABV?$string_output_adapter@D@1@AB_KABQBDABQAU__crt_locale_pointers@@ABQAD@Z 10019b90 f i libucrtd:output.obj
 0001:00018bc0       ??$?0ABV?$string_output_adapter@D@__crt_stdio_output@@AB_KABQBDABQAU__crt_locale_pointers@@ABQAD@?$positional_parameter_base@DV?$string_output_adapter@D@__crt_stdio_output@@@__crt_stdio_output@@IAE@ABV?$string_output_adapter@D@1@AB_KABQBDABQAU__crt_locale_pointers@@ABQAD@Z 10019bc0 f i libucrtd:output.obj
 0001:00018c40       ??$?0ABV?$string_output_adapter@D@__crt_stdio_output@@AB_KABQBDABQAU__crt_locale_pointers@@ABQAD@?$standard_base@DV?$string_output_adapter@D@__crt_stdio_output@@@__crt_stdio_output@@IAE@ABV?$string_output_adapter@D@1@AB_KABQBDABQAU__crt_locale_pointers@@ABQAD@Z 10019c40 f i libucrtd:output.obj
 0001:00018c90       ??$?0ABV?$string_output_adapter@_W@__crt_stdio_output@@AB_KABQB_WABQAU__crt_locale_pointers@@ABQAD@?$format_validation_base@_WV?$string_output_adapter@_W@__crt_stdio_output@@@__crt_stdio_output@@IAE@ABV?$string_output_adapter@_W@1@AB_KABQB_WABQAU__crt_locale_pointers@@ABQAD@Z 10019c90 f i libucrtd:output.obj
 0001:00018cc0       ??$?0ABV?$string_output_adapter@_W@__crt_stdio_output@@AB_KABQB_WABQAU__crt_locale_pointers@@ABQAD@?$positional_parameter_base@_WV?$string_output_adapter@_W@__crt_stdio_output@@@__crt_stdio_output@@IAE@ABV?$string_output_adapter@_W@1@AB_KABQB_WABQAU__crt_locale_pointers@@ABQAD@Z 10019cc0 f i libucrtd:output.obj
 0001:00018d40       ??$?0ABV?$string_output_adapter@_W@__crt_stdio_output@@AB_KABQB_WABQAU__crt_locale_pointers@@ABQAD@?$standard_base@_WV?$string_output_adapter@_W@__crt_stdio_output@@@__crt_stdio_output@@IAE@ABV?$string_output_adapter@_W@1@AB_KABQB_WABQAU__crt_locale_pointers@@ABQAD@Z 10019d40 f i libucrtd:output.obj
 0001:00018d90       ??$?RV<lambda_2293f24e3ce1ad6fe22ccfb9dec07671>@@AAV<lambda_2565fc715a641e539f44ad02d6823606>@@V<lambda_d3217f279b832965d9ca670dc2993570>@@@?$__crt_seh_guarded_call@H@@QAEH$$QAV<lambda_2293f24e3ce1ad6fe22ccfb9dec07671>@@AAV<lambda_2565fc715a641e539f44ad02d6823606>@@$$QAV<lambda_d3217f279b832965d9ca670dc2993570>@@@Z 10019d90 f i libucrtd:output.obj
 0001:00018e20       ??$?RV<lambda_4d4ac866be0fa3c441830420fabdd2cb>@@AAV<lambda_63a10c2dc8dbb9e4dd1890be52af7c93>@@V<lambda_002af9fa0f8fe472b648c51882d4fc32>@@@?$__crt_seh_guarded_call@H@@QAEH$$QAV<lambda_4d4ac866be0fa3c441830420fabdd2cb>@@AAV<lambda_63a10c2dc8dbb9e4dd1890be52af7c93>@@$$QAV<lambda_002af9fa0f8fe472b648c51882d4fc32>@@@Z 10019e20 f i libucrtd:output.obj
 0001:00018eb0       ??$?RV<lambda_5be909dfbae0a631386585770cd7b676>@@AAV<lambda_e516058a9c289d98c8ca9fea99247804>@@V<lambda_afe2e0cdc5e0ecf6f0d6f5e2f8985e38>@@@?$__crt_seh_guarded_call@H@@QAEH$$QAV<lambda_5be909dfbae0a631386585770cd7b676>@@AAV<lambda_e516058a9c289d98c8ca9fea99247804>@@$$QAV<lambda_afe2e0cdc5e0ecf6f0d6f5e2f8985e38>@@@Z 10019eb0 f i libucrtd:output.obj
 0001:00018f40       ??$?RV<lambda_823d65812123d985753d53e2a8c25d20>@@AAV<lambda_0a97c9e57da7be065955385c79108ff2>@@V<lambda_4d2973f3ad2d226f00468307185dca1b>@@@?$__crt_seh_guarded_call@H@@QAEH$$QAV<lambda_823d65812123d985753d53e2a8c25d20>@@AAV<lambda_0a97c9e57da7be065955385c79108ff2>@@$$QAV<lambda_4d2973f3ad2d226f00468307185dca1b>@@@Z 10019f40 f i libucrtd:output.obj
 0001:00018fd0       ??$?RV<lambda_ab9923ffb5d694ec0d78876dd103e44f>@@AAV<lambda_481dd5778c961fbcd3b60b650e9b9dc4>@@V<lambda_7923d86c9e3f319b415918ec4b39749c>@@@?$__crt_seh_guarded_call@H@@QAEH$$QAV<lambda_ab9923ffb5d694ec0d78876dd103e44f>@@AAV<lambda_481dd5778c961fbcd3b60b650e9b9dc4>@@$$QAV<lambda_7923d86c9e3f319b415918ec4b39749c>@@@Z 10019fd0 f i libucrtd:output.obj
 0001:00019060       ??$?RV<lambda_db08b09ef7aa9d4f8620ce68402612bc>@@AAV<lambda_4f2c1eaeead2a5fc776db5b62ea0fb9b>@@V<lambda_3ae262bc35d4ba6a3825c4f6bcaaf95c>@@@?$__crt_seh_guarded_call@H@@QAEH$$QAV<lambda_db08b09ef7aa9d4f8620ce68402612bc>@@AAV<lambda_4f2c1eaeead2a5fc776db5b62ea0fb9b>@@$$QAV<lambda_3ae262bc35d4ba6a3825c4f6bcaaf95c>@@@Z 1001a060 f i libucrtd:output.obj
 0001:000190f0       ??$__acrt_lock_stream_and_call@V<lambda_0a97c9e57da7be065955385c79108ff2>@@@@YAHQAU_iobuf@@$$QAV<lambda_0a97c9e57da7be065955385c79108ff2>@@@Z 1001a0f0 f i libucrtd:output.obj
 0001:00019130       ??$__acrt_lock_stream_and_call@V<lambda_2565fc715a641e539f44ad02d6823606>@@@@YAHQAU_iobuf@@$$QAV<lambda_2565fc715a641e539f44ad02d6823606>@@@Z 1001a130 f i libucrtd:output.obj
 0001:00019170       ??$__acrt_lock_stream_and_call@V<lambda_481dd5778c961fbcd3b60b650e9b9dc4>@@@@YAHQAU_iobuf@@$$QAV<lambda_481dd5778c961fbcd3b60b650e9b9dc4>@@@Z 1001a170 f i libucrtd:output.obj
 0001:000191b0       ??$__acrt_lock_stream_and_call@V<lambda_4f2c1eaeead2a5fc776db5b62ea0fb9b>@@@@YAHQAU_iobuf@@$$QAV<lambda_4f2c1eaeead2a5fc776db5b62ea0fb9b>@@@Z 1001a1b0 f i libucrtd:output.obj
 0001:000191f0       ??$__acrt_lock_stream_and_call@V<lambda_63a10c2dc8dbb9e4dd1890be52af7c93>@@@@YAHQAU_iobuf@@$$QAV<lambda_63a10c2dc8dbb9e4dd1890be52af7c93>@@@Z 1001a1f0 f i libucrtd:output.obj
 0001:00019230       ??$__acrt_lock_stream_and_call@V<lambda_e516058a9c289d98c8ca9fea99247804>@@@@YAHQAU_iobuf@@$$QAV<lambda_e516058a9c289d98c8ca9fea99247804>@@@Z 1001a230 f i libucrtd:output.obj
 0001:0001bff0       ??$count@D@formatting_buffer@__crt_stdio_output@@QBEIXZ 1001cff0 f i libucrtd:output.obj
 0001:0001c030       ??$data@D@formatting_buffer@__crt_stdio_output@@QAEPADXZ 1001d030 f i libucrtd:output.obj
 0001:0001c070       ??$data@_W@formatting_buffer@__crt_stdio_output@@QAEPA_WXZ 1001d070 f i libucrtd:output.obj
 0001:0001c0b0       ??$ensure_buffer_is_big_enough@D@formatting_buffer@__crt_stdio_output@@QAE_NI@Z 1001d0b0 f i libucrtd:output.obj
 0001:0001c190       ??$extract_argument_from_va_list@C_J@?$positional_parameter_base@DV?$stream_output_adapter@D@__crt_stdio_output@@@__crt_stdio_output@@IAE_NAA_J@Z 1001d190 f i libucrtd:output.obj
 0001:0001c2d0       ??$extract_argument_from_va_list@C_J@?$positional_parameter_base@DV?$string_output_adapter@D@__crt_stdio_output@@@__crt_stdio_output@@IAE_NAA_J@Z 1001d2d0 f i libucrtd:output.obj
 0001:0001c410       ??$extract_argument_from_va_list@C_J@?$positional_parameter_base@_WV?$stream_output_adapter@_W@__crt_stdio_output@@@__crt_stdio_output@@IAE_NAA_J@Z 1001d410 f i libucrtd:output.obj
 0001:0001c550       ??$extract_argument_from_va_list@C_J@?$positional_parameter_base@_WV?$string_output_adapter@_W@__crt_stdio_output@@@__crt_stdio_output@@IAE_NAA_J@Z 1001d550 f i libucrtd:output.obj
 0001:0001c690       ??$extract_argument_from_va_list@C_J@?$standard_base@DV?$stream_output_adapter@D@__crt_stdio_output@@@__crt_stdio_output@@IAE_NAA_J@Z 1001d690 f i libucrtd:output.obj
 0001:0001c6c0       ??$extract_argument_from_va_list@C_J@?$standard_base@DV?$string_output_adapter@D@__crt_stdio_output@@@__crt_stdio_output@@IAE_NAA_J@Z 1001d6c0 f i libucrtd:output.obj
 0001:0001c6f0       ??$extract_argument_from_va_list@C_J@?$standard_base@_WV?$stream_output_adapter@_W@__crt_stdio_output@@@__crt_stdio_output@@IAE_NAA_J@Z 1001d6f0 f i libucrtd:output.obj
 0001:0001c720       ??$extract_argument_from_va_list@C_J@?$standard_base@_WV?$string_output_adapter@_W@__crt_stdio_output@@@__crt_stdio_output@@IAE_NAA_J@Z 1001d720 f i libucrtd:output.obj
 0001:0001c750       ??$extract_argument_from_va_list@E_J@?$positional_parameter_base@DV?$stream_output_adapter@D@__crt_stdio_output@@@__crt_stdio_output@@IAE_NAA_J@Z 1001d750 f i libucrtd:output.obj
 0001:0001c890       ??$extract_argument_from_va_list@E_J@?$positional_parameter_base@DV?$string_output_adapter@D@__crt_stdio_output@@@__crt_stdio_output@@IAE_NAA_J@Z 1001d890 f i libucrtd:output.obj
 0001:0001c9d0       ??$extract_argument_from_va_list@E_J@?$positional_parameter_base@_WV?$stream_output_adapter@_W@__crt_stdio_output@@@__crt_stdio_output@@IAE_NAA_J@Z 1001d9d0 f i libucrtd:output.obj
 0001:0001cb10       ??$extract_argument_from_va_list@E_J@?$positional_parameter_base@_WV?$string_output_adapter@_W@__crt_stdio_output@@@__crt_stdio_output@@IAE_NAA_J@Z 1001db10 f i libucrtd:output.obj
 0001:0001cc50       ??$extract_argument_from_va_list@E_J@?$standard_base@DV?$stream_output_adapter@D@__crt_stdio_output@@@__crt_stdio_output@@IAE_NAA_J@Z 1001dc50 f i libucrtd:output.obj
 0001:0001cc80       ??$extract_argument_from_va_list@E_J@?$standard_base@DV?$string_output_adapter@D@__crt_stdio_output@@@__crt_stdio_output@@IAE_NAA_J@Z 1001dc80 f i libucrtd:output.obj
 0001:0001ccb0       ??$extract_argument_from_va_list@E_J@?$standard_base@_WV?$stream_output_adapter@_W@__crt_stdio_output@@@__crt_stdio_output@@IAE_NAA_J@Z 1001dcb0 f i libucrtd:output.obj
 0001:0001cce0       ??$extract_argument_from_va_list@E_J@?$standard_base@_WV?$string_output_adapter@_W@__crt_stdio_output@@@__crt_stdio_output@@IAE_NAA_J@Z 1001dce0 f i libucrtd:output.obj
 0001:0001cd10       ??$extract_argument_from_va_list@F_J@?$positional_parameter_base@DV?$stream_output_adapter@D@__crt_stdio_output@@@__crt_stdio_output@@IAE_NAA_J@Z 1001dd10 f i libucrtd:output.obj
 0001:0001ce40       ??$extract_argument_from_va_list@F_J@?$positional_parameter_base@DV?$string_output_adapter@D@__crt_stdio_output@@@__crt_stdio_output@@IAE_NAA_J@Z 1001de40 f i libucrtd:output.obj
 0001:0001cf70       ??$extract_argument_from_va_list@F_J@?$positional_parameter_base@_WV?$stream_output_adapter@_W@__crt_stdio_output@@@__crt_stdio_output@@IAE_NAA_J@Z 1001df70 f i libucrtd:output.obj
 0001:0001d0a0       ??$extract_argument_from_va_list@F_J@?$positional_parameter_base@_WV?$string_output_adapter@_W@__crt_stdio_output@@@__crt_stdio_output@@IAE_NAA_J@Z 1001e0a0 f i libucrtd:output.obj
 0001:0001d1d0       ??$extract_argument_from_va_list@F_J@?$standard_base@DV?$stream_output_adapter@D@__crt_stdio_output@@@__crt_stdio_output@@IAE_NAA_J@Z 1001e1d0 f i libucrtd:output.obj
 0001:0001d200       ??$extract_argument_from_va_list@F_J@?$standard_base@DV?$string_output_adapter@D@__crt_stdio_output@@@__crt_stdio_output@@IAE_NAA_J@Z 1001e200 f i libucrtd:output.obj
 0001:0001d230       ??$extract_argument_from_va_list@F_J@?$standard_base@_WV?$stream_output_adapter@_W@__crt_stdio_output@@@__crt_stdio_output@@IAE_NAA_J@Z 1001e230 f i libucrtd:output.obj
 0001:0001d260       ??$extract_argument_from_va_list@F_J@?$standard_base@_WV?$string_output_adapter@_W@__crt_stdio_output@@@__crt_stdio_output@@IAE_NAA_J@Z 1001e260 f i libucrtd:output.obj
 0001:0001d290       ??$extract_argument_from_va_list@GD@?$positional_parameter_base@DV?$stream_output_adapter@D@__crt_stdio_output@@@__crt_stdio_output@@IAE_NAAD@Z 1001e290 f i libucrtd:output.obj
 0001:0001d3c0       ??$extract_argument_from_va_list@GD@?$positional_parameter_base@DV?$string_output_adapter@D@__crt_stdio_output@@@__crt_stdio_output@@IAE_NAAD@Z 1001e3c0 f i libucrtd:output.obj
 0001:0001d4f0       ??$extract_argument_from_va_list@GD@?$standard_base@DV?$stream_output_adapter@D@__crt_stdio_output@@@__crt_stdio_output@@IAE_NAAD@Z 1001e4f0 f i libucrtd:output.obj
 0001:0001d520       ??$extract_argument_from_va_list@GD@?$standard_base@DV?$string_output_adapter@D@__crt_stdio_output@@@__crt_stdio_output@@IAE_NAAD@Z 1001e520 f i libucrtd:output.obj
 0001:0001d550       ??$extract_argument_from_va_list@G_J@?$positional_parameter_base@DV?$stream_output_adapter@D@__crt_stdio_output@@@__crt_stdio_output@@IAE_NAA_J@Z 1001e550 f i libucrtd:output.obj
 0001:0001d690       ??$extract_argument_from_va_list@G_J@?$positional_parameter_base@DV?$string_output_adapter@D@__crt_stdio_output@@@__crt_stdio_output@@IAE_NAA_J@Z 1001e690 f i libucrtd:output.obj
 0001:0001d7d0       ??$extract_argument_from_va_list@G_J@?$positional_parameter_base@_WV?$stream_output_adapter@_W@__crt_stdio_output@@@__crt_stdio_output@@IAE_NAA_J@Z 1001e7d0 f i libucrtd:output.obj
 0001:0001d910       ??$extract_argument_from_va_list@G_J@?$positional_parameter_base@_WV?$string_output_adapter@_W@__crt_stdio_output@@@__crt_stdio_output@@IAE_NAA_J@Z 1001e910 f i libucrtd:output.obj
 0001:0001da50       ??$extract_argument_from_va_list@G_J@?$standard_base@DV?$stream_output_adapter@D@__crt_stdio_output@@@__crt_stdio_output@@IAE_NAA_J@Z 1001ea50 f i libucrtd:output.obj
 0001:0001da80       ??$extract_argument_from_va_list@G_J@?$standard_base@DV?$string_output_adapter@D@__crt_stdio_output@@@__crt_stdio_output@@IAE_NAA_J@Z 1001ea80 f i libucrtd:output.obj
 0001:0001dab0       ??$extract_argument_from_va_list@G_J@?$standard_base@_WV?$stream_output_adapter@_W@__crt_stdio_output@@@__crt_stdio_output@@IAE_NAA_J@Z 1001eab0 f i libucrtd:output.obj
 0001:0001dae0       ??$extract_argument_from_va_list@G_J@?$standard_base@_WV?$string_output_adapter@_W@__crt_stdio_output@@@__crt_stdio_output@@IAE_NAA_J@Z 1001eae0 f i libucrtd:output.obj
 0001:0001db10       ??$extract_argument_from_va_list@H_J@?$positional_parameter_base@DV?$stream_output_adapter@D@__crt_stdio_output@@@__crt_stdio_output@@IAE_NAA_J@Z 1001eb10 f i libucrtd:output.obj
 0001:0001dc40       ??$extract_argument_from_va_list@H_J@?$positional_parameter_base@DV?$string_output_adapter@D@__crt_stdio_output@@@__crt_stdio_output@@IAE_NAA_J@Z 1001ec40 f i libucrtd:output.obj
 0001:0001dd70       ??$extract_argument_from_va_list@H_J@?$positional_parameter_base@_WV?$stream_output_adapter@_W@__crt_stdio_output@@@__crt_stdio_output@@IAE_NAA_J@Z 1001ed70 f i libucrtd:output.obj
 0001:0001dea0       ??$extract_argument_from_va_list@H_J@?$positional_parameter_base@_WV?$string_output_adapter@_W@__crt_stdio_output@@@__crt_stdio_output@@IAE_NAA_J@Z 1001eea0 f i libucrtd:output.obj
 0001:0001dfd0       ??$extract_argument_from_va_list@H_J@?$standard_base@DV?$stream_output_adapter@D@__crt_stdio_output@@@__crt_stdio_output@@IAE_NAA_J@Z 1001efd0 f i libucrtd:output.obj
 0001:0001e000       ??$extract_argument_from_va_list@H_J@?$standard_base@DV?$string_output_adapter@D@__crt_stdio_output@@@__crt_stdio_output@@IAE_NAA_J@Z 1001f000 f i libucrtd:output.obj
 0001:0001e030       ??$extract_argument_from_va_list@H_J@?$standard_base@_WV?$stream_output_adapter@_W@__crt_stdio_output@@@__crt_stdio_output@@IAE_NAA_J@Z 1001f030 f i libucrtd:output.obj
 0001:0001e060       ??$extract_argument_from_va_list@H_J@?$standard_base@_WV?$string_output_adapter@_W@__crt_stdio_output@@@__crt_stdio_output@@IAE_NAA_J@Z 1001f060 f i libucrtd:output.obj
 0001:0001e090       ??$extract_argument_from_va_list@I_J@?$positional_parameter_base@DV?$stream_output_adapter@D@__crt_stdio_output@@@__crt_stdio_output@@IAE_NAA_J@Z 1001f090 f i libucrtd:output.obj
 0001:0001e1c0       ??$extract_argument_from_va_list@I_J@?$positional_parameter_base@DV?$string_output_adapter@D@__crt_stdio_output@@@__crt_stdio_output@@IAE_NAA_J@Z 1001f1c0 f i libucrtd:output.obj
 0001:0001e2f0       ??$extract_argument_from_va_list@I_J@?$positional_parameter_base@_WV?$stream_output_adapter@_W@__crt_stdio_output@@@__crt_stdio_output@@IAE_NAA_J@Z 1001f2f0 f i libucrtd:output.obj
 0001:0001e420       ??$extract_argument_from_va_list@I_J@?$positional_parameter_base@_WV?$string_output_adapter@_W@__crt_stdio_output@@@__crt_stdio_output@@IAE_NAA_J@Z 1001f420 f i libucrtd:output.obj
 0001:0001e550       ??$extract_argument_from_va_list@I_J@?$standard_base@DV?$stream_output_adapter@D@__crt_stdio_output@@@__crt_stdio_output@@IAE_NAA_J@Z 1001f550 f i libucrtd:output.obj
 0001:0001e580       ??$extract_argument_from_va_list@I_J@?$standard_base@DV?$string_output_adapter@D@__crt_stdio_output@@@__crt_stdio_output@@IAE_NAA_J@Z 1001f580 f i libucrtd:output.obj
 0001:0001e5b0       ??$extract_argument_from_va_list@I_J@?$standard_base@_WV?$stream_output_adapter@_W@__crt_stdio_output@@@__crt_stdio_output@@IAE_NAA_J@Z 1001f5b0 f i libucrtd:output.obj
 0001:0001e5e0       ??$extract_argument_from_va_list@I_J@?$standard_base@_WV?$string_output_adapter@_W@__crt_stdio_output@@@__crt_stdio_output@@IAE_NAA_J@Z 1001f5e0 f i libucrtd:output.obj
 0001:0001e610       ??$extract_argument_from_va_list@PADPAD@?$positional_parameter_base@DV?$stream_output_adapter@D@__crt_stdio_output@@@__crt_stdio_output@@IAE_NAAPAD@Z 1001f610 f i libucrtd:output.obj
 0001:0001e740       ??$extract_argument_from_va_list@PADPAD@?$positional_parameter_base@DV?$string_output_adapter@D@__crt_stdio_output@@@__crt_stdio_output@@IAE_NAAPAD@Z 1001f740 f i libucrtd:output.obj
 0001:0001e870       ??$extract_argument_from_va_list@PADPAD@?$positional_parameter_base@_WV?$stream_output_adapter@_W@__crt_stdio_output@@@__crt_stdio_output@@IAE_NAAPAD@Z 1001f870 f i libucrtd:output.obj
 0001:0001e9a0       ??$extract_argument_from_va_list@PADPAD@?$positional_parameter_base@_WV?$string_output_adapter@_W@__crt_stdio_output@@@__crt_stdio_output@@IAE_NAAPAD@Z 1001f9a0 f i libucrtd:output.obj
 0001:0001ead0       ??$extract_argument_from_va_list@PADPAD@?$standard_base@DV?$stream_output_adapter@D@__crt_stdio_output@@@__crt_stdio_output@@IAE_NAAPAD@Z 1001fad0 f i libucrtd:output.obj
 0001:0001eb00       ??$extract_argument_from_va_list@PADPAD@?$standard_base@DV?$string_output_adapter@D@__crt_stdio_output@@@__crt_stdio_output@@IAE_NAAPAD@Z 1001fb00 f i libucrtd:output.obj
 0001:0001eb30       ??$extract_argument_from_va_list@PADPAD@?$standard_base@_WV?$stream_output_adapter@_W@__crt_stdio_output@@@__crt_stdio_output@@IAE_NAAPAD@Z 1001fb30 f i libucrtd:output.obj
 0001:0001eb60       ??$extract_argument_from_va_list@PADPAD@?$standard_base@_WV?$string_output_adapter@_W@__crt_stdio_output@@@__crt_stdio_output@@IAE_NAAPAD@Z 1001fb60 f i libucrtd:output.obj
 0001:0001eb90       ??$extract_argument_from_va_list@PAUansi_string@?1??type_case_Z@?$output_processor@DV?$stream_output_adapter@D@__crt_stdio_output@@V?$format_validation_base@DV?$stream_output_adapter@D@__crt_stdio_output@@@2@@__crt_stdio_output@@AAE_NXZ@PAU1?1??234@AAE_NXZ@@?$standard_base@DV?$stream_output_adapter@D@__crt_stdio_output@@@__crt_stdio_output@@IAE_NAAPAUansi_string@?1??type_case_Z@?$output_processor@DV?$stream_output_adapter@D@__crt_stdio_output@@V?$format_validation_base@DV?$stream_output_adapter@D@__crt_stdio_output@@@2@@1@AAE_NXZ@@Z 1001fb90 f i libucrtd:output.obj
 0001:0001ebc0       ??$extract_argument_from_va_list@PAUansi_string@?1??type_case_Z@?$output_processor@DV?$stream_output_adapter@D@__crt_stdio_output@@V?$positional_parameter_base@DV?$stream_output_adapter@D@__crt_stdio_output@@@2@@__crt_stdio_output@@AAE_NXZ@PAU1?1??234@AAE_NXZ@@?$positional_parameter_base@DV?$stream_output_adapter@D@__crt_stdio_output@@@__crt_stdio_output@@IAE_NAAPAUansi_string@?1??type_case_Z@?$output_processor@DV?$stream_output_adapter@D@__crt_stdio_output@@V?$positional_parameter_base@DV?$stream_output_adapter@D@__crt_stdio_output@@@2@@1@AAE_NXZ@@Z 1001fbc0 f i libucrtd:output.obj
 0001:0001ecf0       ??$extract_argument_from_va_list@PAUansi_string@?1??type_case_Z@?$output_processor@DV?$stream_output_adapter@D@__crt_stdio_output@@V?$positional_parameter_base@DV?$stream_output_adapter@D@__crt_stdio_output@@@2@@__crt_stdio_output@@AAE_NXZ@PAU1?1??234@AAE_NXZ@@?$standard_base@DV?$stream_output_adapter@D@__crt_stdio_output@@@__crt_stdio_output@@IAE_NAAPAUansi_string@?1??type_case_Z@?$output_processor@DV?$stream_output_adapter@D@__crt_stdio_output@@V?$positional_parameter_base@DV?$stream_output_adapter@D@__crt_stdio_output@@@2@@1@AAE_NXZ@@Z 1001fcf0 f i libucrtd:output.obj
 0001:0001ed20       ??$extract_argument_from_va_list@PAUansi_string@?1??type_case_Z@?$output_processor@DV?$stream_output_adapter@D@__crt_stdio_output@@V?$standard_base@DV?$stream_output_adapter@D@__crt_stdio_output@@@2@@__crt_stdio_output@@AAE_NXZ@PAU1?1??234@AAE_NXZ@@?$standard_base@DV?$stream_output_adapter@D@__crt_stdio_output@@@__crt_stdio_output@@IAE_NAAPAUansi_string@?1??type_case_Z@?$output_processor@DV?$stream_output_adapter@D@__crt_stdio_output@@V?$standard_base@DV?$stream_output_adapter@D@__crt_stdio_output@@@2@@1@AAE_NXZ@@Z 1001fd20 f i libucrtd:output.obj
 0001:0001ed50       ??$extract_argument_from_va_list@PAUansi_string@?1??type_case_Z@?$output_processor@DV?$string_output_adapter@D@__crt_stdio_output@@V?$format_validation_base@DV?$string_output_adapter@D@__crt_stdio_output@@@2@@__crt_stdio_output@@AAE_NXZ@PAU1?1??234@AAE_NXZ@@?$standard_base@DV?$string_output_adapter@D@__crt_stdio_output@@@__crt_stdio_output@@IAE_NAAPAUansi_string@?1??type_case_Z@?$output_processor@DV?$string_output_adapter@D@__crt_stdio_output@@V?$format_validation_base@DV?$string_output_adapter@D@__crt_stdio_output@@@2@@1@AAE_NXZ@@Z 1001fd50 f i libucrtd:output.obj
 0001:0001ed80       ??$extract_argument_from_va_list@PAUansi_string@?1??type_case_Z@?$output_processor@DV?$string_output_adapter@D@__crt_stdio_output@@V?$positional_parameter_base@DV?$string_output_adapter@D@__crt_stdio_output@@@2@@__crt_stdio_output@@AAE_NXZ@PAU1?1??234@AAE_NXZ@@?$positional_parameter_base@DV?$string_output_adapter@D@__crt_stdio_output@@@__crt_stdio_output@@IAE_NAAPAUansi_string@?1??type_case_Z@?$output_processor@DV?$string_output_adapter@D@__crt_stdio_output@@V?$positional_parameter_base@DV?$string_output_adapter@D@__crt_stdio_output@@@2@@1@AAE_NXZ@@Z 1001fd80 f i libucrtd:output.obj
 0001:0001eeb0       ??$extract_argument_from_va_list@PAUansi_string@?1??type_case_Z@?$output_processor@DV?$string_output_adapter@D@__crt_stdio_output@@V?$positional_parameter_base@DV?$string_output_adapter@D@__crt_stdio_output@@@2@@__crt_stdio_output@@AAE_NXZ@PAU1?1??234@AAE_NXZ@@?$standard_base@DV?$string_output_adapter@D@__crt_stdio_output@@@__crt_stdio_output@@IAE_NAAPAUansi_string@?1??type_case_Z@?$output_processor@DV?$string_output_adapter@D@__crt_stdio_output@@V?$positional_parameter_base@DV?$string_output_adapter@D@__crt_stdio_output@@@2@@1@AAE_NXZ@@Z 1001feb0 f i libucrtd:output.obj
 0001:0001eee0       ??$extract_argument_from_va_list@PAUansi_string@?1??type_case_Z@?$output_processor@DV?$string_output_adapter@D@__crt_stdio_output@@V?$standard_base@DV?$string_output_adapter@D@__crt_stdio_output@@@2@@__crt_stdio_output@@AAE_NXZ@PAU1?1??234@AAE_NXZ@@?$standard_base@DV?$string_output_adapter@D@__crt_stdio_output@@@__crt_stdio_output@@IAE_NAAPAUansi_string@?1??type_case_Z@?$output_processor@DV?$string_output_adapter@D@__crt_stdio_output@@V?$standard_base@DV?$string_output_adapter@D@__crt_stdio_output@@@2@@1@AAE_NXZ@@Z 1001fee0 f i libucrtd:output.obj
 0001:0001ef10       ??$extract_argument_from_va_list@PAUansi_string@?1??type_case_Z@?$output_processor@_WV?$stream_output_adapter@_W@__crt_stdio_output@@V?$format_validation_base@_WV?$stream_output_adapter@_W@__crt_stdio_output@@@2@@__crt_stdio_output@@AAE_NXZ@PAU1?1??234@AAE_NXZ@@?$standard_base@_WV?$stream_output_adapter@_W@__crt_stdio_output@@@__crt_stdio_output@@IAE_NAAPAUansi_string@?1??type_case_Z@?$output_processor@_WV?$stream_output_adapter@_W@__crt_stdio_output@@V?$format_validation_base@_WV?$stream_output_adapter@_W@__crt_stdio_output@@@2@@1@AAE_NXZ@@Z 1001ff10 f i libucrtd:output.obj
 0001:0001ef40       ??$extract_argument_from_va_list@PAUansi_string@?1??type_case_Z@?$output_processor@_WV?$stream_output_adapter@_W@__crt_stdio_output@@V?$positional_parameter_base@_WV?$stream_output_adapter@_W@__crt_stdio_output@@@2@@__crt_stdio_output@@AAE_NXZ@PAU1?1??234@AAE_NXZ@@?$positional_parameter_base@_WV?$stream_output_adapter@_W@__crt_stdio_output@@@__crt_stdio_output@@IAE_NAAPAUansi_string@?1??type_case_Z@?$output_processor@_WV?$stream_output_adapter@_W@__crt_stdio_output@@V?$positional_parameter_base@_WV?$stream_output_adapter@_W@__crt_stdio_output@@@2@@1@AAE_NXZ@@Z 1001ff40 f i libucrtd:output.obj
 0001:0001f070       ??$extract_argument_from_va_list@PAUansi_string@?1??type_case_Z@?$output_processor@_WV?$stream_output_adapter@_W@__crt_stdio_output@@V?$positional_parameter_base@_WV?$stream_output_adapter@_W@__crt_stdio_output@@@2@@__crt_stdio_output@@AAE_NXZ@PAU1?1??234@AAE_NXZ@@?$standard_base@_WV?$stream_output_adapter@_W@__crt_stdio_output@@@__crt_stdio_output@@IAE_NAAPAUansi_string@?1??type_case_Z@?$output_processor@_WV?$stream_output_adapter@_W@__crt_stdio_output@@V?$positional_parameter_base@_WV?$stream_output_adapter@_W@__crt_stdio_output@@@2@@1@AAE_NXZ@@Z 10020070 f i libucrtd:output.obj
 0001:0001f0a0       ??$extract_argument_from_va_list@PAUansi_string@?1??type_case_Z@?$output_processor@_WV?$stream_output_adapter@_W@__crt_stdio_output@@V?$standard_base@_WV?$stream_output_adapter@_W@__crt_stdio_output@@@2@@__crt_stdio_output@@AAE_NXZ@PAU1?1??234@AAE_NXZ@@?$standard_base@_WV?$stream_output_adapter@_W@__crt_stdio_output@@@__crt_stdio_output@@IAE_NAAPAUansi_string@?1??type_case_Z@?$output_processor@_WV?$stream_output_adapter@_W@__crt_stdio_output@@V?$standard_base@_WV?$stream_output_adapter@_W@__crt_stdio_output@@@2@@1@AAE_NXZ@@Z 100200a0 f i libucrtd:output.obj
 0001:0001f0d0       ??$extract_argument_from_va_list@PAUansi_string@?1??type_case_Z@?$output_processor@_WV?$string_output_adapter@_W@__crt_stdio_output@@V?$format_validation_base@_WV?$string_output_adapter@_W@__crt_stdio_output@@@2@@__crt_stdio_output@@AAE_NXZ@PAU1?1??234@AAE_NXZ@@?$standard_base@_WV?$string_output_adapter@_W@__crt_stdio_output@@@__crt_stdio_output@@IAE_NAAPAUansi_string@?1??type_case_Z@?$output_processor@_WV?$string_output_adapter@_W@__crt_stdio_output@@V?$format_validation_base@_WV?$string_output_adapter@_W@__crt_stdio_output@@@2@@1@AAE_NXZ@@Z 100200d0 f i libucrtd:output.obj
 0001:0001f100       ??$extract_argument_from_va_list@PAUansi_string@?1??type_case_Z@?$output_processor@_WV?$string_output_adapter@_W@__crt_stdio_output@@V?$positional_parameter_base@_WV?$string_output_adapter@_W@__crt_stdio_output@@@2@@__crt_stdio_output@@AAE_NXZ@PAU1?1??234@AAE_NXZ@@?$positional_parameter_base@_WV?$string_output_adapter@_W@__crt_stdio_output@@@__crt_stdio_output@@IAE_NAAPAUansi_string@?1??type_case_Z@?$output_processor@_WV?$string_output_adapter@_W@__crt_stdio_output@@V?$positional_parameter_base@_WV?$string_output_adapter@_W@__crt_stdio_output@@@2@@1@AAE_NXZ@@Z 10020100 f i libucrtd:output.obj
 0001:0001f230       ??$extract_argument_from_va_list@PAUansi_string@?1??type_case_Z@?$output_processor@_WV?$string_output_adapter@_W@__crt_stdio_output@@V?$positional_parameter_base@_WV?$string_output_adapter@_W@__crt_stdio_output@@@2@@__crt_stdio_output@@AAE_NXZ@PAU1?1??234@AAE_NXZ@@?$standard_base@_WV?$string_output_adapter@_W@__crt_stdio_output@@@__crt_stdio_output@@IAE_NAAPAUansi_string@?1??type_case_Z@?$output_processor@_WV?$string_output_adapter@_W@__crt_stdio_output@@V?$positional_parameter_base@_WV?$string_output_adapter@_W@__crt_stdio_output@@@2@@1@AAE_NXZ@@Z 10020230 f i libucrtd:output.obj
 0001:0001f260       ??$extract_argument_from_va_list@PAUansi_string@?1??type_case_Z@?$output_processor@_WV?$string_output_adapter@_W@__crt_stdio_output@@V?$standard_base@_WV?$string_output_adapter@_W@__crt_stdio_output@@@2@@__crt_stdio_output@@AAE_NXZ@PAU1?1??234@AAE_NXZ@@?$standard_base@_WV?$string_output_adapter@_W@__crt_stdio_output@@@__crt_stdio_output@@IAE_NAAPAUansi_string@?1??type_case_Z@?$output_processor@_WV?$string_output_adapter@_W@__crt_stdio_output@@V?$standard_base@_WV?$string_output_adapter@_W@__crt_stdio_output@@@2@@1@AAE_NXZ@@Z 10020260 f i libucrtd:output.obj
 0001:0001f290       ??$extract_argument_from_va_list@PAXPAX@?$positional_parameter_base@DV?$stream_output_adapter@D@__crt_stdio_output@@@__crt_stdio_output@@IAE_NAAPAX@Z 10020290 f i libucrtd:output.obj
 0001:0001f3c0       ??$extract_argument_from_va_list@PAXPAX@?$positional_parameter_base@DV?$string_output_adapter@D@__crt_stdio_output@@@__crt_stdio_output@@IAE_NAAPAX@Z 100203c0 f i libucrtd:output.obj
[...]
 0002:0001e5cd       $N00059                    1009b5cd     modbus.exp
 0002:0001e5e2       $N00060                    1009b5e2     modbus.exp
 0002:0001e602       $N00061                    1009b602     modbus.exp
 0002:0001e613       $N00062                    1009b613     modbus.exp
 0002:0001e625       $N00063                    1009b625     modbus.exp
 0002:0001e63b       $N00064                    1009b63b     modbus.exp
 0002:0001e652       $N00065                    1009b652     modbus.exp
 0002:0001e896       .idata$6                   1009b896     ws2_32:WS2_32.dll
 0002:0001e93e       .idata$6                   1009b93e     kernel32:KERNEL32.dll
 0003:00000000       $SG86853                   1009c000     modbus-data.obj
 0003:00000024       $SG86854                   1009c024     modbus-data.obj
 0003:0000003c       $SG90419                   1009c03c     modbus-rtu.obj
 0003:0000005c       $SG90420                   1009c05c     modbus-rtu.obj
 0003:00000080       $SG90513                   1009c080     modbus-rtu.obj
 0003:00000098       $SG90539                   1009c098     modbus-rtu.obj
 0003:000000d0       $SG90553                   1009c0d0     modbus-rtu.obj
 0003:000000f8       $SG90557                   1009c0f8     modbus-rtu.obj
 0003:0000012c       $SG90582                   1009c12c     modbus-rtu.obj
 0003:00000154       $SG90585                   1009c154     modbus-rtu.obj
 0003:00000184       $SG90588                   1009c184     modbus-rtu.obj
 0003:000001b8       $SG90609                   1009c1b8     modbus-rtu.obj
 0003:000001ec       $SG90622                   1009c1ec     modbus-rtu.obj
 0003:00000224       $SG90632                   1009c224     modbus-rtu.obj
 0003:00000254       $SG90641                   1009c254     modbus-rtu.obj
 0003:00000284       $SG90650                   1009c284     modbus-rtu.obj
 0003:000002b4       $SG90660                   1009c2b4     modbus-rtu.obj
 0003:000002e4       $SG90675                   1009c2e4     modbus-rtu.obj
 0003:00000314       $SG90684                   1009c314     modbus-rtu.obj
 0003:00000344       $SG90696                   1009c344     modbus-rtu.obj
 0003:00000374       $SG90705                   1009c374     modbus-rtu.obj
 0003:000003ac       $SG90707                   1009c3ac     modbus-rtu.obj
 0003:000003e0       $SG90765                   1009c3e0     modbus-rtu.obj
 0003:000003fc       $SG90767                   1009c3fc     modbus-rtu.obj
 0003:00000424       $SG90129                   1009c424     modbus-tcp.obj
 0003:00000448       $SG90167                   1009c448     modbus-tcp.obj
 0003:00000460       $SG90169                   1009c460     modbus-tcp.obj
 0003:00000484       $SG90201                   1009c484     modbus-tcp.obj
 0003:000004a0       $SG90203                   1009c4a0     modbus-tcp.obj
 0003:000004c4       $SG90207                   1009c4c4     modbus-tcp.obj
 0003:000004e4       $SG90209                   1009c4e4     modbus-tcp.obj
 0003:0000050c       $SG89769                   1009c50c     modbus-tcp.obj
 0003:00000534       $SG89859                   1009c534     modbus-tcp.obj
 0003:00000568       $SG89862                   1009c568     modbus-tcp.obj
 0003:00000598       $SG89930                   1009c598     modbus-tcp.obj
 0003:000005b0       $SG89954                   1009c5b0     modbus-tcp.obj
 0003:000005d4       $SG89958                   1009c5d4     modbus-tcp.obj
 0003:000005ec       $SG90053                   1009c5ec     modbus-tcp.obj
 0003:000005f0       $SG90056                   1009c5f0     modbus-tcp.obj
 0003:00000614       $SG90060                   1009c614     modbus-tcp.obj
 0003:0000061c       $SG90063                   1009c61c     modbus-tcp.obj
 0003:00000628       $SG90066                   1009c628     modbus-tcp.obj
 0003:00000630       $SG90069                   1009c630     modbus-tcp.obj
 0003:00000638       $SG90083                   1009c638     modbus-tcp.obj
 0003:00000664       $SG90096                   1009c664     modbus-tcp.obj
 0003:00000688       $SG91182                   1009c688     modbus.obj
 0003:000006b8       $SG91185                   1009c6b8     modbus.obj
 0003:000006e8       $SG90384                   1009c6e8     modbus.obj
 0003:000006fc       $SG90386                   1009c6fc     modbus.obj
 0003:00000714       $SG90388                   1009c714     modbus.obj
 0003:00000728       $SG90390                   1009c728     modbus.obj
 0003:00000748       $SG90392                   1009c748     modbus.obj
 0003:00000754       $SG90394                   1009c754     modbus.obj
 0003:00000774       $SG90396                   1009c774     modbus.obj
 0003:0000078c       $SG90398                   1009c78c     modbus.obj
 0003:000007a0       $SG90400                   1009c7a0     modbus.obj
 0003:000007bc       $SG90402                   1009c7bc     modbus.obj
 0003:000007dc       $SG90404                   1009c7dc     modbus.obj
 0003:000007e8       $SG90406                   1009c7e8     modbus.obj
 0003:000007f8       $SG90408                   1009c7f8     modbus.obj
 0003:00000810       $SG90410                   1009c810     modbus.obj
 0003:00000820       $SG90412                   1009c820     modbus.obj
 0003:00000844       $SG90436                   1009c844     modbus.obj
 0003:0000085c       $SG90437                   1009c85c     modbus.obj
 0003:00000860       $SG90445                   1009c860     modbus.obj
 0003:0000086c       $SG90448                   1009c86c     modbus.obj
 0003:00000874       $SG90449                   1009c874     modbus.obj
 0003:00000878       $SG90461                   1009c878     modbus.obj
 0003:0000088c       $SG90497                   1009c88c     modbus.obj
 0003:00000894       $SG90498                   1009c894     modbus.obj
 0003:00000898       $SG90565                   1009c898     modbus.obj
 0003:000008b0       $SG90610                   1009c8b0     modbus.obj
 0003:000008d0       $SG90611                   1009c8d0     modbus.obj
 0003:000008f0       $SG90620                   1009c8f0     modbus.obj
 0003:00000908       $SG90622                   1009c908     modbus.obj
 0003:00000910       $SG90629                   1009c910     modbus.obj
 0003:00000918       $SG90633                   1009c918     modbus.obj
 0003:00000920       $SG90637                   1009c920     modbus.obj
 0003:00000938       $SG90641                   1009c938     modbus.obj
 0003:00000948       $SG90646                   1009c948     modbus.obj
 0003:0000094c       $SG90828                   1009c94c     modbus.obj
 0003:0000095c       $SG90829                   1009c95c     modbus.obj
 0003:00000968       $SG90696                   1009c968     modbus.obj
 0003:000009ac       $SG90706                   1009c9ac     modbus.obj
 0003:000009e4       $SG90833                   1009c9e4     modbus.obj
 0003:00000a0c       $SG90837                   1009ca0c     modbus.obj
 0003:00000a30       $SG90709                   1009ca30     modbus.obj
 0003:00000a74       $SG90839                   1009ca74     modbus.obj
 0003:00000a8c       $SG90840                   1009ca8c     modbus.obj
 0003:00000a9c       $SG90844                   1009ca9c     modbus.obj
 0003:00000ac4       $SG90848                   1009cac4     modbus.obj
 0003:00000ae8       $SG90853                   1009cae8     modbus.obj
 0003:00000b14       $SG90857                   1009cb14     modbus.obj
 0003:00000b54       $SG90862                   1009cb54     modbus.obj
 0003:00000b84       $SG90867                   1009cb84     modbus.obj
 0003:00000bb8       $SG90871                   1009cbb8     modbus.obj
 0003:00000be4       $SG90876                   1009cbe4     modbus.obj
 0003:00000c20       $SG90880                   1009cc20     modbus.obj
 0003:00000c50       $SG90882                   1009cc50     modbus.obj
 0003:00000c5c       $SG90885                   1009cc5c     modbus.obj
 0003:00000c74       $SG90890                   1009cc74     modbus.obj
 0003:00000ca4       $SG90965                   1009cca4     modbus.obj
 0003:00000cd0       $SG90895                   1009ccd0     modbus.obj
 0003:00000d1c       $SG90982                   1009cd1c     modbus.obj
 0003:00000d50       $SG90899                   1009cd50     modbus.obj
 0003:00000da4       $SG90901                   1009cda4     modbus.obj
 0003:00000dcc       $SG91008                   1009cdcc     modbus.obj
 0003:00000dfc       $SG91026                   1009cdfc     modbus.obj
 0003:00000e2c       $SG91040                   1009ce2c     modbus.obj
 0003:00000e60       $SG91105                   1009ce60     modbus.obj
 0003:00000e88       $SG91132                   1009ce88     modbus.obj
 0003:00000ef0       ?__vcrt_flsindex@@3KA      1009cef0     libvcruntimed:per_thread_data.obj
 0003:00000fb8       _errno_no_memory           1009cfb8     libucrtd:errno.obj
 0003:00000fbc       _doserrno_no_memory        1009cfbc     libucrtd:errno.obj
 0003:00000fc0       ___acrt_current_request_number 1009cfc0     libucrtd:debug_heap.obj
 0003:00001008       ___acrt_debug_fill_threshold 1009d008     libucrtd:debug_fill_threshold.obj
 0003:0000100c       ___acrt_flsindex           1009d00c     libucrtd:per_thread_data.obj
 0003:00001010       __ctype_loc_style          1009d010     libucrtd:wsetlocale.obj
 0003:000010f8       ___rgctypeflag             1009d0f8     libucrtd:mbctype.obj
 0003:00001100       ___rgcode_page_info        1009d100     libucrtd:mbctype.obj
 0003:0000161c       ?global_msvcrt_heap_handle_cache@?1??__acrt_get_msvcrt_heap_handle@@9@4PAXA 1009d61c     libucrtd:free_base.obj
 0003:000016a0       ?__DAZ_ENABLED@?1??__set_fpsr_sse2@@9@9 1009d6a0     libucrtd:fpctrl.obj
 0003:000017c0       ?init@?1??_RTC_InitBase@@9@4_NA 1009d7c0     LIBCMTD:_init_.obj
 0003:000017d0       _GS_ExceptionRecord        1009d7d0     LIBCMTD:gs_report.obj
 0003:00001820       _GS_ContextRecord          1009d820     LIBCMTD:gs_report.obj
 0003:00001aec       ?__proc_attached@@3HA      1009daec     LIBCMTD:dll_dllmain.obj
 0003:00001af0       ?_RTC_ErrorReportFunc@@3P6AHHPBDH00ZZA 1009daf0     LIBCMTD:_userapi_.obj
 0003:00001af4       ?_RTC_ErrorReportFuncW@@3P6AHHPB_WH00ZZA 1009daf4     LIBCMTD:_userapi_.obj
 0003:00001af8       ?mspdb@@3PAUHINSTANCE__@@A 1009daf8     LIBCMTD:_pdblkup_.obj
 0003:00001afc       ?alreadyTried@?1??GetPdbDll@@YAPAUHINSTANCE__@@XZ@4_NA 1009dafc     LIBCMTD:_pdblkup_.obj
 0003:00001afd       ?PDBOK@?1??_RTC_GetSrcLine@@YAHPAEPA_WKPAH1K@Z@4_NA 1009dafd     LIBCMTD:_pdblkup_.obj
 0003:00001b08       ?module_local_atexit_table@@3U_onexit_table_t@@A 1009db08     LIBCMTD:utility.obj
 0003:00001b14       ?module_local_at_quick_exit_table@@3U_onexit_table_t@@A 1009db14     LIBCMTD:utility.obj
 0003:00001b20       ?is_initialized_as_dll@@3_NA 1009db20     LIBCMTD:utility.obj
 0003:00001b44       ?__vcrt_startup_thread_ptd@@3U__vcrt_ptd@@A 1009db44     libvcruntimed:per_thread_data.obj
 0003:00001b6c       ___vcrt_lock_table         1009db6c     libvcruntimed:locks.obj
 0003:00001b84       ___vcrt_locks_initialized  1009db84     libvcruntimed:locks.obj
 0003:00001b88       ?module_handles@@3PAPAUHINSTANCE__@@A 1009db88     libvcruntimed:winapi_downlevel.obj
 0003:00001b98       ?encoded_function_pointers@@3PAPAXA 1009db98     libvcruntimed:winapi_downlevel.obj
 0003:00001be8       ?heap@@3V_HeapManager@@A   1009dbe8     libvcruntimed:undname.obj
 0003:00001c00       ?buf@?1??dbGetString@DName@@QBEPADXZ@4PADA 1009dc00     libvcruntimed:undname.obj
 0003:00001c90       _c_termination_complete    1009dc90     libucrtd:exit.obj
 0003:00001c94       _thread_local_exit_callback_func 1009dc94     libucrtd:exit.obj
 0003:00001c98       ?c_exit_complete@?5??common_exit@@YAXHW4_crt_exit_cleanup_mode@@W4_crt_exit_return_mode@@@Z@4_NA 1009dc98     libucrtd:exit.obj
 0003:00001ca0       ?program_name@?5???$common_configure_argv@D@@YAHW4_crt_argv_mode@@@Z@4PADA 1009dca0     libucrtd:argv_parsing.obj
 0003:00001da8       ?program_name@?5???$common_configure_argv@_W@@YAHW4_crt_argv_mode@@@Z@4PA_WA 1009dda8     libucrtd:argv_parsing.obj
 0003:00001fdc       ___acrt_first_block        1009dfdc     libucrtd:debug_heap.obj
 0003:00001fe0       ___acrt_last_block         1009dfe0     libucrtd:debug_heap.obj
 0003:00001fe4       ___acrt_total_allocations  1009dfe4     libucrtd:debug_heap.obj
 0003:00001fe8       ___acrt_current_allocations 1009dfe8     libucrtd:debug_heap.obj
 0003:00001fec       ___acrt_max_allocations    1009dfec     libucrtd:debug_heap.obj
 0003:00001ff0       ___acrt_check_frequency    1009dff0     libucrtd:debug_heap.obj
 0003:00001ff4       ___acrt_check_counter      1009dff4     libucrtd:debug_heap.obj
 0003:00001ffc       _heap_validation_pending   1009dffc     libucrtd:debug_heap.obj
 0003:00002000       ___acrt_invalid_parameter_handler 1009e000     libucrtd:invalid_parameter.obj
 0003:00002004       ___acrt_app_type           1009e004     libucrtd:report_runtime_error.obj
 0003:00002008       ?outmsg@?9??__acrt_report_runtime_error@@9@4PA_WA 1009e008     libucrtd:report_runtime_error.obj
 0003:00002630       ___acrt_error_mode         1009e630     libucrtd:set_error_mode.obj
 0003:00002634       _console_ctrl_handler_installed 1009e634     libucrtd:signal.obj
 0003:00002638       _ctrlc_action              1009e638     libucrtd:signal.obj
 0003:0000263c       _ctrlbreak_action          1009e63c     libucrtd:signal.obj
 0003:00002640       _abort_action              1009e640     libucrtd:signal.obj
 0003:00002644       _term_action               1009e644     libucrtd:signal.obj
 0003:00002648       _module_handles            1009e648     libucrtd:winapi_thunks.obj
 0003:00002698       _encoded_function_pointers 1009e698     libucrtd:winapi_thunks.obj
 0003:00002718       ?static_enum_proc@?1??enum_system_locales_ex_nolock@@YAHQ6GHPA_WKJ@Z@Z@4P6GH0KJ@ZA 1009e718     libucrtd:winapi_thunks.obj
 0003:0000271c       ?state_cache@?1??__acrt_is_packaged_app@@9@4JA 1009e71c     libucrtd:winapi_thunks.obj
 0003:00002924       _enable_percent_n          1009e924     libucrtd:printf_count_output.obj
 0003:00002948       ___acrt_lock_table         1009e948     libucrtd:locks.obj
 0003:00002a80       ___acrt_locks_initialized  1009ea80     libucrtd:locks.obj
 0003:00002a98       _fSystemSet                1009ea98     libucrtd:mbctype.obj
 0003:00002aa0       ?initialized@?1??__acrt_initialize_multibyte@@9@4_NA 1009eaa0     libucrtd:mbctype.obj
 0003:00002ac4       ___acrt_new_handler        1009eac4     libucrtd:new_handler.obj
 0003:00002ac8       _user_matherr              1009eac8     libucrtd:matherr.obj
 0003:00002acc       ___acrt_global_new_mode    1009eacc     libucrtd:new_mode.obj
 0003:00002adc       __pmatherr_set             1009eadc     libucrtd:libm_error.obj
 0004:00000000       __guard_fids____dcrt_uninitialize_environments_nolock 1009f000     libucrtd:environment_initialization.obj
 0004:00000008       __guard_fids__             1009f008     libucrtd:initialization.obj
 0004:00000068       __guard_fids_?get_terminate_or_default@@YAP6AXXZQBU__acrt_ptd@@@Z 1009f068     libucrtd:terminate.obj
 0004:0000006c       __guard_fids_??$common_show_message_box@D@@YAHQBD0I@Z 1009f06c     libucrtd:crtmbox.obj
 0004:00000070       __guard_fids_??$common_show_message_box@_W@@YAHQB_W0I@Z 1009f070     libucrtd:crtmbox.obj
 0004:00000074       __guard_fids__signal       1009f074     libucrtd:signal.obj
 0004:00000078       __guard_fids__             1009f078     libucrtd:stdio_initializer.obj
 0004:0000007c       __guard_fids__             1009f07c     libucrtd:stdio_initializer.obj
 0004:00000080       __guard_fids_??B<lambda_5a01b672d24c8480ee9d6bdb50dd3881>@@QBEP6GHPA_W@ZXZ 1009f080     libucrtd:winapi_thunks.obj
 0004:00000084       __guard_fids____acrt_initialize_ptd 1009f084     libucrtd:per_thread_data.obj
 0004:00000088       __guard_fids__             1009f088     libucrtd:wsetlocale.obj
 0004:000000a0       __guard_fids_??B<lambda_44bb73bbef6fb157e8b5a36d72f75f86>@@QBEP6AHPBX0@ZXZ 1009f0a0     libucrtd:argv_wildcards.obj
 0004:000000a4       __guard_fids_??B<lambda_0d0802f125cf2a7db435cb2ddf42441c>@@QBEP6AHPBX0@ZXZ 1009f0a4     libucrtd:argv_wildcards.obj
 0004:000000a8       __guard_fids__             1009f0a8     libucrtd:debug_heap_hook.obj
 0004:000000ac       __guard_fids__             1009f0ac     libucrtd:locale_initializer.obj
 0004:000000b0       __guard_fids__GetLocaleNameFromLangCountry 1009f0b0     libucrtd:get_qualified_locale.obj
 0004:000000b4       __guard_fids__GetLocaleNameFromLanguage 1009f0b4     libucrtd:get_qualified_locale.obj
 0004:000000b8       __guard_fids__GetLcidFromLangCountry 1009f0b8     libucrtd:getqloc_downlevel.obj
 0004:000000bc       __guard_fids__GetLcidFromLanguage 1009f0bc     libucrtd:getqloc_downlevel.obj
 0004:000000c0       __guard_fids__GetLcidFromCountry 1009f0c0     libucrtd:getqloc_downlevel.obj
 0004:000000c4       __guard_fids__             1009f0c4     libucrtd:multibyte_initializer.obj
 0004:000000c8       __guard_fids____libm_error_support 1009f0c8     libucrtd:libm_error.obj
 0004:000000cc       __guard_fids__             1009f0cc     libucrtd:console_output_initializer.obj
 0004:000000d0       __guard_fids__             1009f0d0     libucrtd:sse2_initializer.obj
 0004:000000d4       __guard_fids___CRT_RTC_INIT 1009f0d4     LIBCMTD:_init_.obj
 0004:000000d8       __guard_fids___CRT_RTC_INITW 1009f0d8     LIBCMTD:_init_.obj
 0004:000000dc       __guard_fids_?dllmain_crt_process_attach@@YAHQAUHINSTANCE__@@QAX@Z 1009f0dc     LIBCMTD:dll_dllmain.obj
 0004:000000e4       __guard_fids_?dllmain_dispatch@@YAHQAUHINSTANCE__@@KQAX@Z 1009f0e4     LIBCMTD:dll_dllmain.obj
 0004:000000e8       __guard_fids____scrt_set_unhandled_exception_filter 1009f0e8     LIBCMTD:utility_desktop.obj
 0004:000000ec       __guard_fids__             1009f0ec     LIBCMTD:guard_support.obj
 0004:000000f0       __guard_fids___guard_icall_checks_enforced 1009f0f0     LIBCMTD:guard_support.obj
 0004:000000f4       __guard_fids_??B<lambda_898920cacc91e508364b5fd76d256868>@@QBEP6APAXI@ZXZ 1009f0f4     libvcruntimed:std_type_info.obj
 0004:000000f8       __guard_fids_??B<lambda_998df822d83bde51c0affd9febd79072>@@QBEP6AXQAX@ZXZ 1009f0f8     libvcruntimed:std_type_info.obj
 0004:000000fc       __guard_fids____vcrt_initialize_ptd 1009f0fc     libvcruntimed:per_thread_data.obj
 0004:00000100       __guard_fids__             1009f100     libvcruntimed:undname.obj
 0004:0000010c       __guard_fids__             1009f10c     libvcruntimed:undname.obj
 0004:00000118       __guard_fids__             1009f118     libvcruntimed:undname.obj
 0004:00000124       __guard_fids__             1009f124     libvcruntimed:undname.obj
 0004:00000130       __guard_fids__             1009f130     libvcruntimed:undname.obj
 0004:0000013c       __guard_fids__             1009f13c     libvcruntimed:undname.obj
 0004:00000148       __guard_fids__             1009f148     LIBCMTD:std_type_info_static.obj
 0004:0000014c       __guard_fids__             1009f14c     libvcruntimed:frame.obj
 0004:00000150       __guard_fids__             1009f150     libvcruntimed:frame.obj
 0004:00000158       __guard_fids__             1009f158     libvcruntimed:frame.obj
 0004:00000160       __guard_fids__             1009f160     libvcruntimed:frame.obj
 0004:00000164       __guard_fids__             1009f164     libvcruntimed:frame.obj
 0004:00000168       __guard_fids__             1009f168     libvcruntimed:frame.obj
 0004:0000016c       __guard_fids_?get_unexpected_or_default@@YAP6AXXZQBU__vcrt_ptd@@@Z 1009f16c     libvcruntimed:unexpected.obj
 0005:000000a0       $R000000                   100a00a0     modbus.res
 0005:00000310       $R000270                   100a0310     modbus.res
